Archive member included to satisfy reference by file (symbol)

c:/st/stm32cubeide_1.7.0/stm32cubeide/plugins/com.st.stm32cube.ide.mcu.externaltools.gnu-tools-for-stm32.9-2020-q2-update.win32_2.0.0.202105311346/tools/bin/../lib/gcc/arm-none-eabi/9.3.1/../../../../arm-none-eabi/lib/thumb/v7-m/nofp\libc_nano.a(lib_a-errno.o)
                              ./Core/Src/syscalls.o (__errno)
c:/st/stm32cubeide_1.7.0/stm32cubeide/plugins/com.st.stm32cube.ide.mcu.externaltools.gnu-tools-for-stm32.9-2020-q2-update.win32_2.0.0.202105311346/tools/bin/../lib/gcc/arm-none-eabi/9.3.1/../../../../arm-none-eabi/lib/thumb/v7-m/nofp\libc_nano.a(lib_a-exit.o)
                              c:/st/stm32cubeide_1.7.0/stm32cubeide/plugins/com.st.stm32cube.ide.mcu.externaltools.gnu-tools-for-stm32.9-2020-q2-update.win32_2.0.0.202105311346/tools/bin/../lib/gcc/arm-none-eabi/9.3.1/../../../../arm-none-eabi/lib/thumb/v7-m/nofp/crt0.o (exit)
c:/st/stm32cubeide_1.7.0/stm32cubeide/plugins/com.st.stm32cube.ide.mcu.externaltools.gnu-tools-for-stm32.9-2020-q2-update.win32_2.0.0.202105311346/tools/bin/../lib/gcc/arm-none-eabi/9.3.1/../../../../arm-none-eabi/lib/thumb/v7-m/nofp\libc_nano.a(lib_a-impure.o)
                              c:/st/stm32cubeide_1.7.0/stm32cubeide/plugins/com.st.stm32cube.ide.mcu.externaltools.gnu-tools-for-stm32.9-2020-q2-update.win32_2.0.0.202105311346/tools/bin/../lib/gcc/arm-none-eabi/9.3.1/../../../../arm-none-eabi/lib/thumb/v7-m/nofp\libc_nano.a(lib_a-exit.o) (_global_impure_ptr)
c:/st/stm32cubeide_1.7.0/stm32cubeide/plugins/com.st.stm32cube.ide.mcu.externaltools.gnu-tools-for-stm32.9-2020-q2-update.win32_2.0.0.202105311346/tools/bin/../lib/gcc/arm-none-eabi/9.3.1/../../../../arm-none-eabi/lib/thumb/v7-m/nofp\libc_nano.a(lib_a-init.o)
                              c:/st/stm32cubeide_1.7.0/stm32cubeide/plugins/com.st.stm32cube.ide.mcu.externaltools.gnu-tools-for-stm32.9-2020-q2-update.win32_2.0.0.202105311346/tools/bin/../lib/gcc/arm-none-eabi/9.3.1/../../../../arm-none-eabi/lib/thumb/v7-m/nofp/crt0.o (__libc_init_array)
c:/st/stm32cubeide_1.7.0/stm32cubeide/plugins/com.st.stm32cube.ide.mcu.externaltools.gnu-tools-for-stm32.9-2020-q2-update.win32_2.0.0.202105311346/tools/bin/../lib/gcc/arm-none-eabi/9.3.1/../../../../arm-none-eabi/lib/thumb/v7-m/nofp\libc_nano.a(lib_a-memcpy-stub.o)
                              ./Core/Src/Controller.o (memcpy)
c:/st/stm32cubeide_1.7.0/stm32cubeide/plugins/com.st.stm32cube.ide.mcu.externaltools.gnu-tools-for-stm32.9-2020-q2-update.win32_2.0.0.202105311346/tools/bin/../lib/gcc/arm-none-eabi/9.3.1/../../../../arm-none-eabi/lib/thumb/v7-m/nofp\libc_nano.a(lib_a-memset.o)
                              c:/st/stm32cubeide_1.7.0/stm32cubeide/plugins/com.st.stm32cube.ide.mcu.externaltools.gnu-tools-for-stm32.9-2020-q2-update.win32_2.0.0.202105311346/tools/bin/../lib/gcc/arm-none-eabi/9.3.1/../../../../arm-none-eabi/lib/thumb/v7-m/nofp/crt0.o (memset)
c:/st/stm32cubeide_1.7.0/stm32cubeide/plugins/com.st.stm32cube.ide.mcu.externaltools.gnu-tools-for-stm32.9-2020-q2-update.win32_2.0.0.202105311346/tools/bin/../lib/gcc/arm-none-eabi/9.3.1/../../../../arm-none-eabi/lib/thumb/v7-m/nofp\libc_nano.a(lib_a-vsprintf.o)
                              ./Core/Src/utils.o (vsprintf)
c:/st/stm32cubeide_1.7.0/stm32cubeide/plugins/com.st.stm32cube.ide.mcu.externaltools.gnu-tools-for-stm32.9-2020-q2-update.win32_2.0.0.202105311346/tools/bin/../lib/gcc/arm-none-eabi/9.3.1/../../../../arm-none-eabi/lib/thumb/v7-m/nofp\libc_nano.a(lib_a-nano-svfprintf.o)
                              c:/st/stm32cubeide_1.7.0/stm32cubeide/plugins/com.st.stm32cube.ide.mcu.externaltools.gnu-tools-for-stm32.9-2020-q2-update.win32_2.0.0.202105311346/tools/bin/../lib/gcc/arm-none-eabi/9.3.1/../../../../arm-none-eabi/lib/thumb/v7-m/nofp\libc_nano.a(lib_a-vsprintf.o) (_svfprintf_r)
c:/st/stm32cubeide_1.7.0/stm32cubeide/plugins/com.st.stm32cube.ide.mcu.externaltools.gnu-tools-for-stm32.9-2020-q2-update.win32_2.0.0.202105311346/tools/bin/../lib/gcc/arm-none-eabi/9.3.1/../../../../arm-none-eabi/lib/thumb/v7-m/nofp\libc_nano.a(lib_a-nano-vfprintf_i.o)
                              c:/st/stm32cubeide_1.7.0/stm32cubeide/plugins/com.st.stm32cube.ide.mcu.externaltools.gnu-tools-for-stm32.9-2020-q2-update.win32_2.0.0.202105311346/tools/bin/../lib/gcc/arm-none-eabi/9.3.1/../../../../arm-none-eabi/lib/thumb/v7-m/nofp\libc_nano.a(lib_a-nano-svfprintf.o) (_printf_i)
c:/st/stm32cubeide_1.7.0/stm32cubeide/plugins/com.st.stm32cube.ide.mcu.externaltools.gnu-tools-for-stm32.9-2020-q2-update.win32_2.0.0.202105311346/tools/bin/../lib/gcc/arm-none-eabi/9.3.1/../../../../arm-none-eabi/lib/thumb/v7-m/nofp\libc_nano.a(lib_a-memchr-stub.o)
[...]
Memory Configuration

Name             Origin             Length             Attributes
RAM              0x0000000020000000 0x0000000000005000 xrw
FLASH            0x0000000008000000 0x0000000000010000 xr
*default*        0x0000000000000000 0xffffffffffffffff

Linker script and memory map

LOAD c:/st/stm32cubeide_1.7.0/stm32cubeide/plugins/com.st.stm32cube.ide.mcu.externaltools.gnu-tools-for-stm32.9-2020-q2-update.win32_2.0.0.202105311346/tools/bin/../lib/gcc/arm-none-eabi/9.3.1/thumb/v7-m/nofp/crti.o
LOAD c:/st/stm32cubeide_1.7.0/stm32cubeide/plugins/com.st.stm32cube.ide.mcu.externaltools.gnu-tools-for-stm32.9-2020-q2-update.win32_2.0.0.202105311346/tools/bin/../lib/gcc/arm-none-eabi/9.3.1/thumb/v7-m/nofp/crtbegin.o
LOAD c:/st/stm32cubeide_1.7.0/stm32cubeide/plugins/com.st.stm32cube.ide.mcu.externaltools.gnu-tools-for-stm32.9-2020-q2-update.win32_2.0.0.202105311346/tools/bin/../lib/gcc/arm-none-eabi/9.3.1/../../../../arm-none-eabi/lib/thumb/v7-m/nofp/crt0.o
LOAD ./Core/Src/Controller.o
LOAD ./Core/Src/inputs.o
LOAD ./Core/Src/main.o
LOAD ./Core/Src/outputs.o
LOAD ./Core/Src/stm32f1xx_hal_msp.o
LOAD ./Core/Src/stm32f1xx_it.o
LOAD ./Core/Src/syscalls.o
LOAD ./Core/Src/sysmem.o
LOAD ./Core/Src/system_stm32f1xx.o
LOAD ./Core/Src/utils.o
LOAD ./Core/Startup/startup_stm32f103c8tx.o
LOAD ./Drivers/STM32F1xx_HAL_Driver/Src/stm32f1xx_hal.o
LOAD ./Drivers/STM32F1xx_HAL_Driver/Src/stm32f1xx_hal_adc.o
LOAD ./Drivers/STM32F1xx_HAL_Driver/Src/stm32f1xx_hal_adc_ex.o
LOAD ./Drivers/STM32F1xx_HAL_Driver/Src/stm32f1xx_hal_can.o
LOAD ./Drivers/STM32F1xx_HAL_Driver/Src/stm32f1xx_hal_cortex.o
LOAD ./Drivers/STM32F1xx_HAL_Driver/Src/stm32f1xx_hal_dma.o
LOAD ./Drivers/STM32F1xx_HAL_Driver/Src/stm32f1xx_hal_exti.o
LOAD ./Drivers/STM32F1xx_HAL_Driver/Src/stm32f1xx_hal_flash.o
LOAD ./Drivers/STM32F1xx_HAL_Driver/Src/stm32f1xx_hal_flash_ex.o
LOAD ./Drivers/STM32F1xx_HAL_Driver/Src/stm32f1xx_hal_gpio.o
LOAD ./Drivers/STM32F1xx_HAL_Driver/Src/stm32f1xx_hal_gpio_ex.o
LOAD ./Drivers/STM32F1xx_HAL_Driver/Src/stm32f1xx_hal_pwr.o
LOAD ./Drivers/STM32F1xx_HAL_Driver/Src/stm32f1xx_hal_rcc.o
LOAD ./Drivers/STM32F1xx_HAL_Driver/Src/stm32f1xx_hal_rcc_ex.o
LOAD ./Drivers/STM32F1xx_HAL_Driver/Src/stm32f1xx_hal_tim.o
LOAD ./Drivers/STM32F1xx_HAL_Driver/Src/stm32f1xx_hal_tim_ex.o
LOAD ./Drivers/STM32F1xx_HAL_Driver/Src/stm32f1xx_hal_uart.o
START GROUP
LOAD c:/st/stm32cubeide_1.7.0/stm32cubeide/plugins/com.st.stm32cube.ide.mcu.externaltools.gnu-tools-for-stm32.9-2020-q2-update.win32_2.0.0.202105311346/tools/bin/../lib/gcc/arm-none-eabi/9.3.1/../../../../arm-none-eabi/lib/thumb/v7-m/nofp\libc_nano.a
LOAD c:/st/stm32cubeide_1.7.0/stm32cubeide/plugins/com.st.stm32cube.ide.mcu.externaltools.gnu-tools-for-stm32.9-2020-q2-update.win32_2.0.0.202105311346/tools/bin/../lib/gcc/arm-none-eabi/9.3.1/../../../../arm-none-eabi/lib/thumb/v7-m/nofp\libm.a
END GROUP
START GROUP
LOAD c:/st/stm32cubeide_1.7.0/stm32cubeide/plugins/com.st.stm32cube.ide.mcu.externaltools.gnu-tools-for-stm32.9-2020-q2-update.win32_2.0.0.202105311346/tools/bin/../lib/gcc/arm-none-eabi/9.3.1/thumb/v7-m/nofp\libgcc.a
LOAD c:/st/stm32cubeide_1.7.0/stm32cubeide/plugins/com.st.stm32cube.ide.mcu.externaltools.gnu-tools-for-stm32.9-2020-q2-update.win32_2.0.0.202105311346/tools/bin/../lib/gcc/arm-none-eabi/9.3.1/../../../../arm-none-eabi/lib/thumb/v7-m/nofp\libc_nano.a
END GROUP
START GROUP
LOAD c:/st/stm32cubeide_1.7.0/stm32cubeide/plugins/com.st.stm32cube.ide.mcu.externaltools.gnu-tools-for-stm32.9-2020-q2-update.win32_2.0.0.202105311346/tools/bin/../lib/gcc/arm-none-eabi/9.3.1/thumb/v7-m/nofp\libgcc.a
LOAD c:/st/stm32cubeide_1.7.0/stm32cubeide/plugins/com.st.stm32cube.ide.mcu.externaltools.gnu-tools-for-stm32.9-2020-q2-update.win32_2.0.0.202105311346/tools/bin/../lib/gcc/arm-none-eabi/9.3.1/../../../../arm-none-eabi/lib/thumb/v7-m/nofp\libc_nano.a
LOAD c:/st/stm32cubeide_1.7.0/stm32cubeide/plugins/com.st.stm32cube.ide.mcu.externaltools.gnu-tools-for-stm32.9-2020-q2-update.win32_2.0.0.202105311346/tools/bin/../lib/gcc/arm-none-eabi/9.3.1/../../../../arm-none-eabi/lib/thumb/v7-m/nofp\libnosys.a
END GROUP
START GROUP
LOAD c:/st/stm32cubeide_1.7.0/stm32cubeide/plugins/com.st.stm32cube.ide.mcu.externaltools.gnu-tools-for-stm32.9-2020-q2-update.win32_2.0.0.202105311346/tools/bin/../lib/gcc/arm-none-eabi/9.3.1/thumb/v7-m/nofp\libgcc.a
LOAD c:/st/stm32cubeide_1.7.0/stm32cubeide/plugins/com.st.stm32cube.ide.mcu.externaltools.gnu-tools-for-stm32.9-2020-q2-update.win32_2.0.0.202105311346/tools/bin/../lib/gcc/arm-none-eabi/9.3.1/../../../../arm-none-eabi/lib/thumb/v7-m/nofp\libc_nano.a
LOAD c:/st/stm32cubeide_1.7.0/stm32cubeide/plugins/com.st.stm32cube.ide.mcu.externaltools.gnu-tools-for-stm32.9-2020-q2-update.win32_2.0.0.202105311346/tools/bin/../lib/gcc/arm-none-eabi/9.3.1/../../../../arm-none-eabi/lib/thumb/v7-m/nofp\libnosys.a
END GROUP
LOAD c:/st/stm32cubeide_1.7.0/stm32cubeide/plugins/com.st.stm32cube.ide.mcu.externaltools.gnu-tools-for-stm32.9-2020-q2-update.win32_2.0.0.202105311346/tools/bin/../lib/gcc/arm-none-eabi/9.3.1/thumb/v7-m/nofp/crtend.o
LOAD c:/st/stm32cubeide_1.7.0/stm32cubeide/plugins/com.st.stm32cube.ide.mcu.externaltools.gnu-tools-for-stm32.9-2020-q2-update.win32_2.0.0.202105311346/tools/bin/../lib/gcc/arm-none-eabi/9.3.1/thumb/v7-m/nofp/crtn.o
                0x0000000020005000                _estack = (ORIGIN (RAM) + LENGTH (RAM))
                0x0000000000000200                _Min_Heap_Size = 0x200
                0x0000000000000400                _Min_Stack_Size = 0x400

.isr_vector     0x0000000008000000      0x10c
                0x0000000008000000                . = ALIGN (0x4)
 *(.isr_vector)
 .isr_vector    0x0000000008000000      0x10c ./Core/Startup/startup_stm32f103c8tx.o
                0x0000000008000000                g_pfnVectors
                0x000000000800010c                . = ALIGN (0x4)

.text           0x000000000800010c     0x8a74
                0x000000000800010c                . = ALIGN (0x4)
 *(.text)
 .text          0x000000000800010c       0x40 c:/st/stm32cubeide_1.7.0/stm32cubeide/plugins/com.st.stm32cube.ide.mcu.externaltools.gnu-tools-for-stm32.9-2020-q2-update.win32_2.0.0.202105311346/tools/bin/../lib/gcc/arm-none-eabi/9.3.1/thumb/v7-m/nofp/crtbegin.o
 .text          0x000000000800014c      0x378 c:/st/stm32cubeide_1.7.0/stm32cubeide/plugins/com.st.stm32cube.ide.mcu.externaltools.gnu-tools-for-stm32.9-2020-q2-update.win32_2.0.0.202105311346/tools/bin/../lib/gcc/arm-none-eabi/9.3.1/thumb/v7-m/nofp\libgcc.a(_arm_addsubdf3.o)
                0x000000000800014c                __aeabi_drsub
                0x0000000008000154                __aeabi_dsub
                0x0000000008000154                __subdf3
                0x0000000008000158                __aeabi_dadd
                0x0000000008000158                __adddf3
                0x00000000080003d0                __floatunsidf
                0x00000000080003d0                __aeabi_ui2d
                0x00000000080003f0                __floatsidf
                0x00000000080003f0                __aeabi_i2d
                0x0000000008000414                __aeabi_f2d
                0x0000000008000414                __extendsfdf2
                0x0000000008000458                __floatundidf
                0x0000000008000458                __aeabi_ul2d
                0x0000000008000468                __floatdidf
                0x0000000008000468                __aeabi_l2d
 .text          0x00000000080004c4       0x50 c:/st/stm32cubeide_1.7.0/stm32cubeide/plugins/com.st.stm32cube.ide.mcu.externaltools.gnu-tools-for-stm32.9-2020-q2-update.win32_2.0.0.202105311346/tools/bin/../lib/gcc/arm-none-eabi/9.3.1/thumb/v7-m/nofp\libgcc.a(_arm_fixdfsi.o)
                0x00000000080004c4                __aeabi_d2iz
                0x00000000080004c4                __fixdfsi
 .text          0x0000000008000514       0x40 c:/st/stm32cubeide_1.7.0/stm32cubeide/plugins/com.st.stm32cube.ide.mcu.externaltools.gnu-tools-for-stm32.9-2020-q2-update.win32_2.0.0.202105311346/tools/bin/../lib/gcc/arm-none-eabi/9.3.1/thumb/v7-m/nofp\libgcc.a(_arm_fixunsdfsi.o)
                0x0000000008000514                __aeabi_d2uiz
                0x0000000008000514                __fixunsdfsi
 .text          0x0000000008000554      0x21c c:/st/stm32cubeide_1.7.0/stm32cubeide/plugins/com.st.stm32cube.ide.mcu.externaltools.gnu-tools-for-stm32.9-2020-q2-update.win32_2.0.0.202105311346/tools/bin/../lib/gcc/arm-none-eabi/9.3.1/thumb/v7-m/nofp\libgcc.a(_arm_addsubsf3.o)
                0x0000000008000554                __aeabi_frsub
                0x000000000800055c                __subsf3
                0x000000000800055c                __aeabi_fsub
                0x0000000008000560                __aeabi_fadd
                0x0000000008000560                __addsf3
                0x00000000080006c0                __aeabi_ui2f
                0x00000000080006c0                __floatunsisf
                0x00000000080006c8                __aeabi_i2f
                0x00000000080006c8                __floatsisf
                0x00000000080006e4                __aeabi_ul2f
                0x00000000080006e4                __floatundisf
                0x00000000080006f4                __aeabi_l2f
                0x00000000080006f4                __floatdisf
 .text          0x0000000008000770      0x2a0 c:/st/stm32cubeide_1.7.0/stm32cubeide/plugins/com.st.stm32cube.ide.mcu.externaltools.gnu-tools-for-stm32.9-2020-q2-update.win32_2.0.0.202105311346/tools/bin/../lib/gcc/arm-none-eabi/9.3.1/thumb/v7-m/nofp\libgcc.a(_arm_muldivsf3.o)
                0x0000000008000770                __mulsf3
                0x0000000008000770                __aeabi_fmul
                0x00000000080008d8                __aeabi_fdiv
                0x00000000080008d8                __divsf3
 .text          0x0000000008000a10       0xec c:/st/stm32cubeide_1.7.0/stm32cubeide/plugins/com.st.stm32cube.ide.mcu.externaltools.gnu-tools-for-stm32.9-2020-q2-update.win32_2.0.0.202105311346/tools/bin/../lib/gcc/arm-none-eabi/9.3.1/thumb/v7-m/nofp\libgcc.a(_arm_cmpsf2.o)
                0x0000000008000a10                __gesf2
                0x0000000008000a10                __gtsf2
                0x0000000008000a18                __lesf2
                0x0000000008000a18                __ltsf2
                0x0000000008000a20                __nesf2
                0x0000000008000a20                __eqsf2
                0x0000000008000a20                __cmpsf2
                0x0000000008000a80                __aeabi_cfrcmple
                0x0000000008000a88                __aeabi_cfcmpeq
                0x0000000008000a88                __aeabi_cfcmple
                0x0000000008000a98                __aeabi_fcmpeq
                0x0000000008000aac                __aeabi_fcmplt
                0x0000000008000ac0                __aeabi_fcmple
                0x0000000008000ad4                __aeabi_fcmpge
                0x0000000008000ae8                __aeabi_fcmpgt
 .text          0x0000000008000afc       0x40 c:/st/stm32cubeide_1.7.0/stm32cubeide/plugins/com.st.stm32cube.ide.mcu.externaltools.gnu-tools-for-stm32.9-2020-q2-update.win32_2.0.0.202105311346/tools/bin/../lib/gcc/arm-none-eabi/9.3.1/thumb/v7-m/nofp\libgcc.a(_arm_fixunssfsi.o)
                0x0000000008000afc                __fixunssfsi
                0x0000000008000afc                __aeabi_f2uiz
 *(.text*)
 .text.InitController
                0x0000000008000b3c      0x1cc ./Core/Src/Controller.o
                0x0000000008000b3c                InitController
 .text.Controller
                0x0000000008000d08      0xb34 ./Core/Src/Controller.o
                0x0000000008000d08                Controller
 .text.IDLE_Entry
                0x000000000800183c       0x24 ./Core/Src/Controller.o
                0x000000000800183c                IDLE_Entry
 .text.IDLE_Exit
                0x0000000008001860        0xc ./Core/Src/Controller.o
                0x0000000008001860                IDLE_Exit
 .text.IDLE_Event
                0x000000000800186c       0x3c ./Core/Src/Controller.o
                0x000000000800186c                IDLE_Event
 .text.IDLE_Run
                0x00000000080018a8        0xc ./Core/Src/Controller.o
                0x00000000080018a8                IDLE_Run
 .text.PRE_UPSHIFT_Entry
                0x00000000080018b4       0x3c ./Core/Src/Controller.o
                0x00000000080018b4                PRE_UPSHIFT_Entry
 .text.PRE_UPSHIFT_Exit
                0x00000000080018f0        0xc ./Core/Src/Controller.o
                0x00000000080018f0                PRE_UPSHIFT_Exit
 .text.PRE_UPSHIFT_Event
                0x00000000080018fc       0xc4 ./Core/Src/Controller.o
                0x00000000080018fc                PRE_UPSHIFT_Event
 .text.PRE_UPSHIFT_Run
                0x00000000080019c0      0x1a8 ./Core/Src/Controller.o
                0x00000000080019c0                PRE_UPSHIFT_Run
 .text.PRE_DNSHIFT_Entry
                0x0000000008001b68       0x3c ./Core/Src/Controller.o
                0x0000000008001b68                PRE_DNSHIFT_Entry
 .text.PRE_DNSHIFT_Exit
                0x0000000008001ba4        0xc ./Core/Src/Controller.o
                0x0000000008001ba4                PRE_DNSHIFT_Exit
 .text.PRE_DNSHIFT_Event
                0x0000000008001bb0       0xb0 ./Core/Src/Controller.o
                0x0000000008001bb0                PRE_DNSHIFT_Event
 .text.PRE_DNSHIFT_Run
                0x0000000008001c60      0x1b4 ./Core/Src/Controller.o
                0x0000000008001c60                PRE_DNSHIFT_Run
 .text.SHIFTING_Entry
                0x0000000008001e14      0x104 ./Core/Src/Controller.o
                0x0000000008001e14                SHIFTING_Entry
 .text.SHIFTING_Exit
                0x0000000008001f18        0xc ./Core/Src/Controller.o
                0x0000000008001f18                SHIFTING_Exit
 .text.SHIFTING_Event
                0x0000000008001f24       0x30 ./Core/Src/Controller.o
                0x0000000008001f24                SHIFTING_Event
 .text.SHIFTING_Run
                0x0000000008001f54        0xc ./Core/Src/Controller.o
                0x0000000008001f54                SHIFTING_Run
 .text.POSTSHIFT_Entry
                0x0000000008001f60       0x50 ./Core/Src/Controller.o
                0x0000000008001f60                POSTSHIFT_Entry
 .text.POSTSHIFT_Exit
                0x0000000008001fb0       0x28 ./Core/Src/Controller.o
                0x0000000008001fb0                POSTSHIFT_Exit
 .text.POSTSHIFT_Event
                0x0000000008001fd8       0x48 ./Core/Src/Controller.o
                0x0000000008001fd8                POSTSHIFT_Event
 .text.POSTSHIFT_Run
                0x0000000008002020       0x6c ./Core/Src/Controller.o
                0x0000000008002020                POSTSHIFT_Run
 .text.ERROR_Entry
                0x000000000800208c       0x58 ./Core/Src/Controller.o
                0x000000000800208c                ERROR_Entry
 .text.ERROR_Exit
                0x00000000080020e4        0xc ./Core/Src/Controller.o
                0x00000000080020e4                ERROR_Exit
 .text.ERROR_Event
                0x00000000080020f0       0x10 ./Core/Src/Controller.o
                0x00000000080020f0                ERROR_Event
 .text.ERROR_Run
                0x0000000008002100       0x18 ./Core/Src/Controller.o
                0x0000000008002100                ERROR_Run
 .text.ReadInputs
                0x0000000008002118      0xde4 ./Core/Src/inputs.o
                0x0000000008002118                ReadInputs
 .text.InitInputs
                0x0000000008002efc       0x24 ./Core/Src/inputs.o
                0x0000000008002efc                InitInputs
 .text.CAN_RX   0x0000000008002f20      0x160 ./Core/Src/inputs.o
                0x0000000008002f20                CAN_RX
 .text.MyHalfBufferAverage
                0x0000000008003080       0x7a ./Core/Src/inputs.o
                0x0000000008003080                MyHalfBufferAverage
 .text.HAL_CAN_RxFifo0MsgPendingCallback
                0x00000000080030fa       0x18 ./Core/Src/inputs.o
                0x00000000080030fa                HAL_CAN_RxFifo0MsgPendingCallback
 .text.HAL_CAN_RxFifo1MsgPendingCallback
                0x0000000008003112       0x18 ./Core/Src/inputs.o
                0x0000000008003112                HAL_CAN_RxFifo1MsgPendingCallback
 *fill*         0x000000000800312a        0x2 
 .text.HAL_CAN_ErrorCallback
                0x000000000800312c       0x24 ./Core/Src/inputs.o
                0x000000000800312c                HAL_CAN_ErrorCallback
 .text.HAL_ADC_ConvHalfCpltCallback
                0x0000000008003150       0x34 ./Core/Src/inputs.o
                0x0000000008003150                HAL_ADC_ConvHalfCpltCallback
 .text.__NVIC_SystemReset
                0x0000000008003184       0x2c ./Core/Src/main.o
 .text.main     0x00000000080031b0       0x8c ./Core/Src/main.o
                0x00000000080031b0                main
 .text.SystemClock_Config
                0x000000000800323c       0xb6 ./Core/Src/main.o
                0x000000000800323c                SystemClock_Config
 *fill*         0x00000000080032f2        0x2 
 .text.MX_ADC1_Init
                0x00000000080032f4      0x144 ./Core/Src/main.o
 .text.MX_CAN_Init
                0x0000000008003438      0x1d0 ./Core/Src/main.o
 .text.MX_TIM1_Init
                0x0000000008003608      0x140 ./Core/Src/main.o
 .text.MX_TIM2_Init
                0x0000000008003748       0x98 ./Core/Src/main.o
 .text.MX_TIM3_Init
                0x00000000080037e0       0x9c ./Core/Src/main.o
 .text.MX_USART1_UART_Init
                0x000000000800387c       0x54 ./Core/Src/main.o
 .text.MX_DMA_Init
                0x00000000080038d0       0x3c ./Core/Src/main.o
 .text.MX_GPIO_Init
                0x000000000800390c       0xb0 ./Core/Src/main.o
 .text.HAL_TIM_PeriodElapsedCallback
                0x00000000080039bc       0x28 ./Core/Src/main.o
                0x00000000080039bc                HAL_TIM_PeriodElapsedCallback
 .text.Error_Handler
                0x00000000080039e4       0x12 ./Core/Src/main.o
                0x00000000080039e4                Error_Handler
 *fill*         0x00000000080039f6        0x2 
 .text.InitOutputs
                0x00000000080039f8       0x38 ./Core/Src/outputs.o
                0x00000000080039f8                InitOutputs
 .text.WriteOutputs
                0x0000000008003a30      0x364 ./Core/Src/outputs.o
                0x0000000008003a30                WriteOutputs
 .text.CAN_TX   0x0000000008003d94       0xe0 ./Core/Src/outputs.o
                0x0000000008003d94                CAN_TX
 .text.HAL_MspInit
                0x0000000008003e74       0x64 ./Core/Src/stm32f1xx_hal_msp.o
                0x0000000008003e74                HAL_MspInit
 .text.HAL_ADC_MspInit
                0x0000000008003ed8       0xd4 ./Core/Src/stm32f1xx_hal_msp.o
                0x0000000008003ed8                HAL_ADC_MspInit
 .text.HAL_CAN_MspInit
                0x0000000008003fac       0xa8 ./Core/Src/stm32f1xx_hal_msp.o
                0x0000000008003fac                HAL_CAN_MspInit
 .text.HAL_TIM_Base_MspInit
                0x0000000008004054       0x98 ./Core/Src/stm32f1xx_hal_msp.o
                0x0000000008004054                HAL_TIM_Base_MspInit
 .text.HAL_TIM_MspPostInit
                0x00000000080040ec       0x68 ./Core/Src/stm32f1xx_hal_msp.o
                0x00000000080040ec                HAL_TIM_MspPostInit
 .text.HAL_UART_MspInit
                0x0000000008004154       0x98 ./Core/Src/stm32f1xx_hal_msp.o
                0x0000000008004154                HAL_UART_MspInit
 .text.NMI_Handler
                0x00000000080041ec        0x6 ./Core/Src/stm32f1xx_it.o
                0x00000000080041ec                NMI_Handler
 .text.HardFault_Handler
                0x00000000080041f2        0x6 ./Core/Src/stm32f1xx_it.o
                0x00000000080041f2                HardFault_Handler
 .text.MemManage_Handler
                0x00000000080041f8        0x6 ./Core/Src/stm32f1xx_it.o
                0x00000000080041f8                MemManage_Handler
 .text.BusFault_Handler
                0x00000000080041fe        0x6 ./Core/Src/stm32f1xx_it.o
                0x00000000080041fe                BusFault_Handler
 .text.UsageFault_Handler
                0x0000000008004204        0x6 ./Core/Src/stm32f1xx_it.o
                0x0000000008004204                UsageFault_Handler
 .text.SVC_Handler
                0x000000000800420a        0xc ./Core/Src/stm32f1xx_it.o
                0x000000000800420a                SVC_Handler
 .text.DebugMon_Handler
                0x0000000008004216        0xc ./Core/Src/stm32f1xx_it.o
                0x0000000008004216                DebugMon_Handler
 .text.PendSV_Handler
                0x0000000008004222        0xc ./Core/Src/stm32f1xx_it.o
                0x0000000008004222                PendSV_Handler
 .text.SysTick_Handler
                0x000000000800422e        0xc ./Core/Src/stm32f1xx_it.o
                0x000000000800422e                SysTick_Handler
 *fill*         0x000000000800423a        0x2 
 .text.DMA1_Channel1_IRQHandler
                0x000000000800423c       0x14 ./Core/Src/stm32f1xx_it.o
                0x000000000800423c                DMA1_Channel1_IRQHandler
 .text.USB_LP_CAN1_RX0_IRQHandler
                0x0000000008004250       0x14 ./Core/Src/stm32f1xx_it.o
                0x0000000008004250                USB_LP_CAN1_RX0_IRQHandler
 .text.TIM3_IRQHandler
                0x0000000008004264       0x14 ./Core/Src/stm32f1xx_it.o
                0x0000000008004264                TIM3_IRQHandler
 .text._sbrk    0x0000000008004278       0x6c ./Core/Src/sysmem.o
                0x0000000008004278                _sbrk
 .text.SystemInit
                0x00000000080042e4        0xc ./Core/Src/system_stm32f1xx.o
                0x00000000080042e4                SystemInit
 .text.print    0x00000000080042f0       0x28 ./Core/Src/utils.o
                0x00000000080042f0                print
 .text.My2DMapInterpolate
                0x0000000008004318      0x158 ./Core/Src/utils.o
                0x0000000008004318                My2DMapInterpolate
 .text.Reset_Handler
                0x0000000008004470       0x48 ./Core/Startup/startup_stm32f103c8tx.o
                0x0000000008004470                Reset_Handler
 .text.Default_Handler
                0x00000000080044b8        0x2 ./Core/Startup/startup_stm32f103c8tx.o
                0x00000000080044b8                RTC_Alarm_IRQHandler
                0x00000000080044b8                EXTI2_IRQHandler
                0x00000000080044b8                TIM1_CC_IRQHandler
                0x00000000080044b8                PVD_IRQHandler
                0x00000000080044b8                EXTI3_IRQHandler
                0x00000000080044b8                EXTI0_IRQHandler
                0x00000000080044b8                I2C2_EV_IRQHandler
                0x00000000080044b8                ADC1_2_IRQHandler
                0x00000000080044b8                SPI1_IRQHandler
                0x00000000080044b8                TAMPER_IRQHandler
                0x00000000080044b8                DMA1_Channel4_IRQHandler
                0x00000000080044b8                USART3_IRQHandler
                0x00000000080044b8                RTC_IRQHandler
                0x00000000080044b8                DMA1_Channel7_IRQHandler
                0x00000000080044b8                CAN1_RX1_IRQHandler
                0x00000000080044b8                TIM4_IRQHandler
                0x00000000080044b8                I2C1_EV_IRQHandler
                0x00000000080044b8                DMA1_Channel6_IRQHandler
                0x00000000080044b8                RCC_IRQHandler
                0x00000000080044b8                TIM1_TRG_COM_IRQHandler
                0x00000000080044b8                Default_Handler
                0x00000000080044b8                EXTI15_10_IRQHandler
                0x00000000080044b8                EXTI9_5_IRQHandler
                0x00000000080044b8                SPI2_IRQHandler
                0x00000000080044b8                DMA1_Channel5_IRQHandler
                0x00000000080044b8                EXTI4_IRQHandler
                0x00000000080044b8                USB_HP_CAN1_TX_IRQHandler
                0x00000000080044b8                DMA1_Channel3_IRQHandler
                0x00000000080044b8                TIM1_UP_IRQHandler
                0x00000000080044b8                WWDG_IRQHandler
                0x00000000080044b8                TIM2_IRQHandler
                0x00000000080044b8                TIM1_BRK_IRQHandler
                0x00000000080044b8                EXTI1_IRQHandler
                0x00000000080044b8                USART2_IRQHandler
                0x00000000080044b8                I2C2_ER_IRQHandler
                0x00000000080044b8                DMA1_Channel2_IRQHandler
                0x00000000080044b8                CAN1_SCE_IRQHandler
                0x00000000080044b8                FLASH_IRQHandler
                0x00000000080044b8                USART1_IRQHandler
                0x00000000080044b8                I2C1_ER_IRQHandler
                0x00000000080044b8                USBWakeUp_IRQHandler
 *fill*         0x00000000080044ba        0x2 
 .text.HAL_Init
                0x00000000080044bc       0x2c ./Drivers/STM32F1xx_HAL_Driver/Src/stm32f1xx_hal.o
                0x00000000080044bc                HAL_Init
 .text.HAL_InitTick
                0x00000000080044e8       0x60 ./Drivers/STM32F1xx_HAL_Driver/Src/stm32f1xx_hal.o
                0x00000000080044e8                HAL_InitTick
 .text.HAL_IncTick
                0x0000000008004548       0x24 ./Drivers/STM32F1xx_HAL_Driver/Src/stm32f1xx_hal.o
                0x0000000008004548                HAL_IncTick
 .text.HAL_GetTick
                0x000000000800456c       0x14 ./Drivers/STM32F1xx_HAL_Driver/Src/stm32f1xx_hal.o
                0x000000000800456c                HAL_GetTick
 .text.HAL_Delay
                0x0000000008004580       0x48 ./Drivers/STM32F1xx_HAL_Driver/Src/stm32f1xx_hal.o
                0x0000000008004580                HAL_Delay
 .text.HAL_ADC_Init
                0x00000000080045c8      0x1b0 ./Drivers/STM32F1xx_HAL_Driver/Src/stm32f1xx_hal_adc.o
                0x00000000080045c8                HAL_ADC_Init
 .text.HAL_ADC_Start_DMA
                0x0000000008004778      0x1bc ./Drivers/STM32F1xx_HAL_Driver/Src/stm32f1xx_hal_adc.o
                0x0000000008004778                HAL_ADC_Start_DMA
 .text.HAL_ADC_ConvCpltCallback
                0x0000000008004934       0x12 ./Drivers/STM32F1xx_HAL_Driver/Src/stm32f1xx_hal_adc.o
                0x0000000008004934                HAL_ADC_ConvCpltCallback
 .text.HAL_ADC_ErrorCallback
                0x0000000008004946       0x12 ./Drivers/STM32F1xx_HAL_Driver/Src/stm32f1xx_hal_adc.o
                0x0000000008004946                HAL_ADC_ErrorCallback
 .text.HAL_ADC_ConfigChannel
                0x0000000008004958      0x1f0 ./Drivers/STM32F1xx_HAL_Driver/Src/stm32f1xx_hal_adc.o
                0x0000000008004958                HAL_ADC_ConfigChannel
 .text.ADC_Enable
                0x0000000008004b48       0xb4 ./Drivers/STM32F1xx_HAL_Driver/Src/stm32f1xx_hal_adc.o
                0x0000000008004b48                ADC_Enable
 .text.ADC_ConversionStop_Disable
                0x0000000008004bfc       0x82 ./Drivers/STM32F1xx_HAL_Driver/Src/stm32f1xx_hal_adc.o
                0x0000000008004bfc                ADC_ConversionStop_Disable
 .text.ADC_DMAConvCplt
                0x0000000008004c7e       0x7c ./Drivers/STM32F1xx_HAL_Driver/Src/stm32f1xx_hal_adc.o
                0x0000000008004c7e                ADC_DMAConvCplt
 .text.ADC_DMAHalfConvCplt
                0x0000000008004cfa       0x1c ./Drivers/STM32F1xx_HAL_Driver/Src/stm32f1xx_hal_adc.o
                0x0000000008004cfa                ADC_DMAHalfConvCplt
 .text.ADC_DMAError
                0x0000000008004d16       0x34 ./Drivers/STM32F1xx_HAL_Driver/Src/stm32f1xx_hal_adc.o
                0x0000000008004d16                ADC_DMAError
 *fill*         0x0000000008004d4a        0x2 
 .text.HAL_ADCEx_Calibration_Start
                0x0000000008004d4c      0x15c ./Drivers/STM32F1xx_HAL_Driver/Src/stm32f1xx_hal_adc_ex.o
                0x0000000008004d4c                HAL_ADCEx_Calibration_Start
 .text.HAL_CAN_Init
                0x0000000008004ea8      0x1f6 ./Drivers/STM32F1xx_HAL_Driver/Src/stm32f1xx_hal_can.o
                0x0000000008004ea8                HAL_CAN_Init
 .text.HAL_CAN_ConfigFilter
                0x000000000800509e      0x192 ./Drivers/STM32F1xx_HAL_Driver/Src/stm32f1xx_hal_can.o
                0x000000000800509e                HAL_CAN_ConfigFilter
 .text.HAL_CAN_Start
                0x0000000008005230       0x88 ./Drivers/STM32F1xx_HAL_Driver/Src/stm32f1xx_hal_can.o
                0x0000000008005230                HAL_CAN_Start
 .text.HAL_CAN_AddTxMessage
                0x00000000080052b8      0x19e ./Drivers/STM32F1xx_HAL_Driver/Src/stm32f1xx_hal_can.o
                0x00000000080052b8                HAL_CAN_AddTxMessage
 .text.HAL_CAN_AbortTxRequest
                0x0000000008005456       0x88 ./Drivers/STM32F1xx_HAL_Driver/Src/stm32f1xx_hal_can.o
                0x0000000008005456                HAL_CAN_AbortTxRequest
 .text.HAL_CAN_GetTxMailboxesFreeLevel
                0x00000000080054de       0x68 ./Drivers/STM32F1xx_HAL_Driver/Src/stm32f1xx_hal_can.o
                0x00000000080054de                HAL_CAN_GetTxMailboxesFreeLevel
 .text.HAL_CAN_GetRxMessage
                0x0000000008005546      0x242 ./Drivers/STM32F1xx_HAL_Driver/Src/stm32f1xx_hal_can.o
                0x0000000008005546                HAL_CAN_GetRxMessage
 .text.HAL_CAN_ActivateNotification
                0x0000000008005788       0x4a ./Drivers/STM32F1xx_HAL_Driver/Src/stm32f1xx_hal_can.o
                0x0000000008005788                HAL_CAN_ActivateNotification
 .text.HAL_CAN_IRQHandler
                0x00000000080057d2      0x36e ./Drivers/STM32F1xx_HAL_Driver/Src/stm32f1xx_hal_can.o
                0x00000000080057d2                HAL_CAN_IRQHandler
 .text.HAL_CAN_TxMailbox0CompleteCallback
                0x0000000008005b40       0x12 ./Drivers/STM32F1xx_HAL_Driver/Src/stm32f1xx_hal_can.o
                0x0000000008005b40                HAL_CAN_TxMailbox0CompleteCallback
 .text.HAL_CAN_TxMailbox1CompleteCallback
                0x0000000008005b52       0x12 ./Drivers/STM32F1xx_HAL_Driver/Src/stm32f1xx_hal_can.o
                0x0000000008005b52                HAL_CAN_TxMailbox1CompleteCallback
 .text.HAL_CAN_TxMailbox2CompleteCallback
                0x0000000008005b64       0x12 ./Drivers/STM32F1xx_HAL_Driver/Src/stm32f1xx_hal_can.o
                0x0000000008005b64                HAL_CAN_TxMailbox2CompleteCallback
 .text.HAL_CAN_TxMailbox0AbortCallback
                0x0000000008005b76       0x12 ./Drivers/STM32F1xx_HAL_Driver/Src/stm32f1xx_hal_can.o
                0x0000000008005b76                HAL_CAN_TxMailbox0AbortCallback
 .text.HAL_CAN_TxMailbox1AbortCallback
                0x0000000008005b88       0x12 ./Drivers/STM32F1xx_HAL_Driver/Src/stm32f1xx_hal_can.o
                0x0000000008005b88                HAL_CAN_TxMailbox1AbortCallback
 .text.HAL_CAN_TxMailbox2AbortCallback
                0x0000000008005b9a       0x12 ./Drivers/STM32F1xx_HAL_Driver/Src/stm32f1xx_hal_can.o
                0x0000000008005b9a                HAL_CAN_TxMailbox2AbortCallback
 .text.HAL_CAN_RxFifo0FullCallback
                0x0000000008005bac       0x12 ./Drivers/STM32F1xx_HAL_Driver/Src/stm32f1xx_hal_can.o
                0x0000000008005bac                HAL_CAN_RxFifo0FullCallback
 .text.HAL_CAN_RxFifo1FullCallback
                0x0000000008005bbe       0x12 ./Drivers/STM32F1xx_HAL_Driver/Src/stm32f1xx_hal_can.o
                0x0000000008005bbe                HAL_CAN_RxFifo1FullCallback
 .text.HAL_CAN_SleepCallback
                0x0000000008005bd0       0x12 ./Drivers/STM32F1xx_HAL_Driver/Src/stm32f1xx_hal_can.o
                0x0000000008005bd0                HAL_CAN_SleepCallback
 .text.HAL_CAN_WakeUpFromRxMsgCallback
                0x0000000008005be2       0x12 ./Drivers/STM32F1xx_HAL_Driver/Src/stm32f1xx_hal_can.o
                0x0000000008005be2                HAL_CAN_WakeUpFromRxMsgCallback
 .text.__NVIC_SetPriorityGrouping
                0x0000000008005bf4       0x48 ./Drivers/STM32F1xx_HAL_Driver/Src/stm32f1xx_hal_cortex.o
 .text.__NVIC_GetPriorityGrouping
                0x0000000008005c3c       0x1c ./Drivers/STM32F1xx_HAL_Driver/Src/stm32f1xx_hal_cortex.o
 .text.__NVIC_EnableIRQ
                0x0000000008005c58       0x38 ./Drivers/STM32F1xx_HAL_Driver/Src/stm32f1xx_hal_cortex.o
 .text.__NVIC_SetPriority
                0x0000000008005c90       0x54 ./Drivers/STM32F1xx_HAL_Driver/Src/stm32f1xx_hal_cortex.o
 .text.NVIC_EncodePriority
                0x0000000008005ce4       0x64 ./Drivers/STM32F1xx_HAL_Driver/Src/stm32f1xx_hal_cortex.o
 .text.SysTick_Config
                0x0000000008005d48       0x44 ./Drivers/STM32F1xx_HAL_Driver/Src/stm32f1xx_hal_cortex.o
 .text.HAL_NVIC_SetPriorityGrouping
                0x0000000008005d8c       0x16 ./Drivers/STM32F1xx_HAL_Driver/Src/stm32f1xx_hal_cortex.o
                0x0000000008005d8c                HAL_NVIC_SetPriorityGrouping
 .text.HAL_NVIC_SetPriority
                0x0000000008005da2       0x38 ./Drivers/STM32F1xx_HAL_Driver/Src/stm32f1xx_hal_cortex.o
                0x0000000008005da2                HAL_NVIC_SetPriority
 .text.HAL_NVIC_EnableIRQ
                0x0000000008005dda       0x1c ./Drivers/STM32F1xx_HAL_Driver/Src/stm32f1xx_hal_cortex.o
                0x0000000008005dda                HAL_NVIC_EnableIRQ
 .text.HAL_SYSTICK_Config
                0x0000000008005df6       0x18 ./Drivers/STM32F1xx_HAL_Driver/Src/stm32f1xx_hal_cortex.o
                0x0000000008005df6                HAL_SYSTICK_Config
 *fill*         0x0000000008005e0e        0x2 
 .text.HAL_DMA_Init
                0x0000000008005e10       0xb4 ./Drivers/STM32F1xx_HAL_Driver/Src/stm32f1xx_hal_dma.o
                0x0000000008005e10                HAL_DMA_Init
 .text.HAL_DMA_Start_IT
                0x0000000008005ec4       0xc0 ./Drivers/STM32F1xx_HAL_Driver/Src/stm32f1xx_hal_dma.o
                0x0000000008005ec4                HAL_DMA_Start_IT
 .text.HAL_DMA_IRQHandler
                0x0000000008005f84      0x20c ./Drivers/STM32F1xx_HAL_Driver/Src/stm32f1xx_hal_dma.o
                0x0000000008005f84                HAL_DMA_IRQHandler
 .text.DMA_SetConfig
                0x0000000008006190       0x5a ./Drivers/STM32F1xx_HAL_Driver/Src/stm32f1xx_hal_dma.o
 *fill*         0x00000000080061ea        0x2 
 .text.HAL_GPIO_Init
                0x00000000080061ec      0x308 ./Drivers/STM32F1xx_HAL_Driver/Src/stm32f1xx_hal_gpio.o
                0x00000000080061ec                HAL_GPIO_Init
 .text.HAL_GPIO_ReadPin
                0x00000000080064f4       0x2e ./Drivers/STM32F1xx_HAL_Driver/Src/stm32f1xx_hal_gpio.o
                0x00000000080064f4                HAL_GPIO_ReadPin
 .text.HAL_GPIO_WritePin
                0x0000000008006522       0x30 ./Drivers/STM32F1xx_HAL_Driver/Src/stm32f1xx_hal_gpio.o
                0x0000000008006522                HAL_GPIO_WritePin
 *fill*         0x0000000008006552        0x2 
 .text.HAL_RCC_OscConfig
                0x0000000008006554      0x500 ./Drivers/STM32F1xx_HAL_Driver/Src/stm32f1xx_hal_rcc.o
                0x0000000008006554                HAL_RCC_OscConfig
 .text.HAL_RCC_ClockConfig
                0x0000000008006a54      0x1d4 ./Drivers/STM32F1xx_HAL_Driver/Src/stm32f1xx_hal_rcc.o
                0x0000000008006a54                HAL_RCC_ClockConfig
 .text.HAL_RCC_GetSysClockFreq
                0x0000000008006c28       0xa8 ./Drivers/STM32F1xx_HAL_Driver/Src/stm32f1xx_hal_rcc.o
                0x0000000008006c28                HAL_RCC_GetSysClockFreq
 .text.HAL_RCC_GetHCLKFreq
                0x0000000008006cd0       0x14 ./Drivers/STM32F1xx_HAL_Driver/Src/stm32f1xx_hal_rcc.o
                0x0000000008006cd0                HAL_RCC_GetHCLKFreq
 .text.HAL_RCC_GetPCLK1Freq
                0x0000000008006ce4       0x28 ./Drivers/STM32F1xx_HAL_Driver/Src/stm32f1xx_hal_rcc.o
                0x0000000008006ce4                HAL_RCC_GetPCLK1Freq
 .text.HAL_RCC_GetPCLK2Freq
                0x0000000008006d0c       0x28 ./Drivers/STM32F1xx_HAL_Driver/Src/stm32f1xx_hal_rcc.o
                0x0000000008006d0c                HAL_RCC_GetPCLK2Freq
 .text.RCC_Delay
                0x0000000008006d34       0x3c ./Drivers/STM32F1xx_HAL_Driver/Src/stm32f1xx_hal_rcc.o
 .text.HAL_RCCEx_PeriphCLKConfig
                0x0000000008006d70      0x16c ./Drivers/STM32F1xx_HAL_Driver/Src/stm32f1xx_hal_rcc_ex.o
                0x0000000008006d70                HAL_RCCEx_PeriphCLKConfig
 .text.HAL_RCCEx_GetPeriphCLKFreq
                0x0000000008006edc      0x16c ./Drivers/STM32F1xx_HAL_Driver/Src/stm32f1xx_hal_rcc_ex.o
                0x0000000008006edc                HAL_RCCEx_GetPeriphCLKFreq
 .text.HAL_TIM_Base_Init
                0x0000000008007048       0x9e ./Drivers/STM32F1xx_HAL_Driver/Src/stm32f1xx_hal_tim.o
                0x0000000008007048                HAL_TIM_Base_Init
 *fill*         0x00000000080070e6        0x2 
 .text.HAL_TIM_Base_Start
                0x00000000080070e8       0x94 ./Drivers/STM32F1xx_HAL_Driver/Src/stm32f1xx_hal_tim.o
                0x00000000080070e8                HAL_TIM_Base_Start
 .text.HAL_TIM_Base_Start_IT
                0x000000000800717c       0xa4 ./Drivers/STM32F1xx_HAL_Driver/Src/stm32f1xx_hal_tim.o
                0x000000000800717c                HAL_TIM_Base_Start_IT
 .text.HAL_TIM_PWM_Init
                0x0000000008007220       0x9e ./Drivers/STM32F1xx_HAL_Driver/Src/stm32f1xx_hal_tim.o
                0x0000000008007220                HAL_TIM_PWM_Init
 .text.HAL_TIM_PWM_MspInit
                0x00000000080072be       0x12 ./Drivers/STM32F1xx_HAL_Driver/Src/stm32f1xx_hal_tim.o
                0x00000000080072be                HAL_TIM_PWM_MspInit
 .text.HAL_TIM_IRQHandler
                0x00000000080072d0      0x210 ./Drivers/STM32F1xx_HAL_Driver/Src/stm32f1xx_hal_tim.o
                0x00000000080072d0                HAL_TIM_IRQHandler
 .text.HAL_TIM_PWM_ConfigChannel
                0x00000000080074e0      0x184 ./Drivers/STM32F1xx_HAL_Driver/Src/stm32f1xx_hal_tim.o
                0x00000000080074e0                HAL_TIM_PWM_ConfigChannel
 .text.HAL_TIM_ConfigClockSource
                0x0000000008007664      0x18e ./Drivers/STM32F1xx_HAL_Driver/Src/stm32f1xx_hal_tim.o
                0x0000000008007664                HAL_TIM_ConfigClockSource
 .text.HAL_TIM_OC_DelayElapsedCallback
                0x00000000080077f2       0x12 ./Drivers/STM32F1xx_HAL_Driver/Src/stm32f1xx_hal_tim.o
                0x00000000080077f2                HAL_TIM_OC_DelayElapsedCallback
 .text.HAL_TIM_IC_CaptureCallback
                0x0000000008007804       0x12 ./Drivers/STM32F1xx_HAL_Driver/Src/stm32f1xx_hal_tim.o
                0x0000000008007804                HAL_TIM_IC_CaptureCallback
 .text.HAL_TIM_PWM_PulseFinishedCallback
                0x0000000008007816       0x12 ./Drivers/STM32F1xx_HAL_Driver/Src/stm32f1xx_hal_tim.o
                0x0000000008007816                HAL_TIM_PWM_PulseFinishedCallback
 .text.HAL_TIM_TriggerCallback
                0x0000000008007828       0x12 ./Drivers/STM32F1xx_HAL_Driver/Src/stm32f1xx_hal_tim.o
                0x0000000008007828                HAL_TIM_TriggerCallback
 *fill*         0x000000000800783a        0x2 
 .text.TIM_Base_SetConfig
                0x000000000800783c       0xc4 ./Drivers/STM32F1xx_HAL_Driver/Src/stm32f1xx_hal_tim.o
                0x000000000800783c                TIM_Base_SetConfig
 .text.TIM_OC1_SetConfig
                0x0000000008007900       0xcc ./Drivers/STM32F1xx_HAL_Driver/Src/stm32f1xx_hal_tim.o
 .text.TIM_OC2_SetConfig
                0x00000000080079cc       0xd4 ./Drivers/STM32F1xx_HAL_Driver/Src/stm32f1xx_hal_tim.o
                0x00000000080079cc                TIM_OC2_SetConfig
 .text.TIM_OC3_SetConfig
                0x0000000008007aa0       0xd4 ./Drivers/STM32F1xx_HAL_Driver/Src/stm32f1xx_hal_tim.o
 .text.TIM_OC4_SetConfig
                0x0000000008007b74       0x9c ./Drivers/STM32F1xx_HAL_Driver/Src/stm32f1xx_hal_tim.o
 .text.TIM_TI1_ConfigInputStage
                0x0000000008007c10       0x5c ./Drivers/STM32F1xx_HAL_Driver/Src/stm32f1xx_hal_tim.o
 .text.TIM_TI2_ConfigInputStage
                0x0000000008007c6c       0x5e ./Drivers/STM32F1xx_HAL_Driver/Src/stm32f1xx_hal_tim.o
 .text.TIM_ITRx_SetConfig
                0x0000000008007cca       0x34 ./Drivers/STM32F1xx_HAL_Driver/Src/stm32f1xx_hal_tim.o
 .text.TIM_ETR_SetConfig
                0x0000000008007cfe       0x3e ./Drivers/STM32F1xx_HAL_Driver/Src/stm32f1xx_hal_tim.o
                0x0000000008007cfe                TIM_ETR_SetConfig
 .text.HAL_TIMEx_PWMN_Start
                0x0000000008007d3c      0x13c ./Drivers/STM32F1xx_HAL_Driver/Src/stm32f1xx_hal_tim_ex.o
                0x0000000008007d3c                HAL_TIMEx_PWMN_Start
 .text.HAL_TIMEx_MasterConfigSynchronization
                0x0000000008007e78       0xbc ./Drivers/STM32F1xx_HAL_Driver/Src/stm32f1xx_hal_tim_ex.o
                0x0000000008007e78                HAL_TIMEx_MasterConfigSynchronization
 .text.HAL_TIMEx_ConfigBreakDeadTime
                0x0000000008007f34       0xa2 ./Drivers/STM32F1xx_HAL_Driver/Src/stm32f1xx_hal_tim_ex.o
                0x0000000008007f34                HAL_TIMEx_ConfigBreakDeadTime
 .text.HAL_TIMEx_CommutCallback
                0x0000000008007fd6       0x12 ./Drivers/STM32F1xx_HAL_Driver/Src/stm32f1xx_hal_tim_ex.o
                0x0000000008007fd6                HAL_TIMEx_CommutCallback
 .text.HAL_TIMEx_BreakCallback
                0x0000000008007fe8       0x12 ./Drivers/STM32F1xx_HAL_Driver/Src/stm32f1xx_hal_tim_ex.o
                0x0000000008007fe8                HAL_TIMEx_BreakCallback
 .text.TIM_CCxNChannelCmd
                0x0000000008007ffa       0x48 ./Drivers/STM32F1xx_HAL_Driver/Src/stm32f1xx_hal_tim_ex.o
 .text.HAL_UART_Init
                0x0000000008008042       0xa0 ./Drivers/STM32F1xx_HAL_Driver/Src/stm32f1xx_hal_uart.o
                0x0000000008008042                HAL_UART_Init
 *fill*         0x00000000080080e2        0x2 
 .text.UART_SetConfig
                0x00000000080080e4      0x11c ./Drivers/STM32F1xx_HAL_Driver/Src/stm32f1xx_hal_uart.o
 .text.__errno  0x0000000008008200        0xc c:/st/stm32cubeide_1.7.0/stm32cubeide/plugins/com.st.stm32cube.ide.mcu.externaltools.gnu-tools-for-stm32.9-2020-q2-update.win32_2.0.0.202105311346/tools/bin/../lib/gcc/arm-none-eabi/9.3.1/../../../../arm-none-eabi/lib/thumb/v7-m/nofp\libc_nano.a(lib_a-errno.o)
                0x0000000008008200                __errno
 .text.__libc_init_array
                0x000000000800820c       0x48 c:/st/stm32cubeide_1.7.0/stm32cubeide/plugins/com.st.stm32cube.ide.mcu.externaltools.gnu-tools-for-stm32.9-2020-q2-update.win32_2.0.0.202105311346/tools/bin/../lib/gcc/arm-none-eabi/9.3.1/../../../../arm-none-eabi/lib/thumb/v7-m/nofp\libc_nano.a(lib_a-init.o)
                0x000000000800820c                __libc_init_array
 .text.memcpy   0x0000000008008254       0x1c c:/st/stm32cubeide_1.7.0/stm32cubeide/plugins/com.st.stm32cube.ide.mcu.externaltools.gnu-tools-for-stm32.9-2020-q2-update.win32_2.0.0.202105311346/tools/bin/../lib/gcc/arm-none-eabi/9.3.1/../../../../arm-none-eabi/lib/thumb/v7-m/nofp\libc_nano.a(lib_a-memcpy-stub.o)
                0x0000000008008254                memcpy
 .text.memset   0x0000000008008270       0x10 c:/st/stm32cubeide_1.7.0/stm32cubeide/plugins/com.st.stm32cube.ide.mcu.externaltools.gnu-tools-for-stm32.9-2020-q2-update.win32_2.0.0.202105311346/tools/bin/../lib/gcc/arm-none-eabi/9.3.1/../../../../arm-none-eabi/lib/thumb/v7-m/nofp\libc_nano.a(lib_a-memset.o)
                0x0000000008008270                memset
 .text._vsprintf_r
                0x0000000008008280       0x2c c:/st/stm32cubeide_1.7.0/stm32cubeide/plugins/com.st.stm32cube.ide.mcu.externaltools.gnu-tools-for-stm32.9-2020-q2-update.win32_2.0.0.202105311346/tools/bin/../lib/gcc/arm-none-eabi/9.3.1/../../../../arm-none-eabi/lib/thumb/v7-m/nofp\libc_nano.a(lib_a-vsprintf.o)
                0x0000000008008280                _vsprintf_r
                0x0000000008008280                _vsiprintf_r
 .text.vsprintf
                0x00000000080082ac       0x14 c:/st/stm32cubeide_1.7.0/stm32cubeide/plugins/com.st.stm32cube.ide.mcu.externaltools.gnu-tools-for-stm32.9-2020-q2-update.win32_2.0.0.202105311346/tools/bin/../lib/gcc/arm-none-eabi/9.3.1/../../../../arm-none-eabi/lib/thumb/v7-m/nofp\libc_nano.a(lib_a-vsprintf.o)
                0x00000000080082ac                vsiprintf
                0x00000000080082ac                vsprintf
 .text.__ssputs_r
                0x00000000080082c0       0xb6 c:/st/stm32cubeide_1.7.0/stm32cubeide/plugins/com.st.stm32cube.ide.mcu.externaltools.gnu-tools-for-stm32.9-2020-q2-update.win32_2.0.0.202105311346/tools/bin/../lib/gcc/arm-none-eabi/9.3.1/../../../../arm-none-eabi/lib/thumb/v7-m/nofp\libc_nano.a(lib_a-nano-svfprintf.o)
                0x00000000080082c0                __ssputs_r
 *fill*         0x0000000008008376        0x2 
 .text._svfprintf_r
                0x0000000008008378      0x200 c:/st/stm32cubeide_1.7.0/stm32cubeide/plugins/com.st.stm32cube.ide.mcu.externaltools.gnu-tools-for-stm32.9-2020-q2-update.win32_2.0.0.202105311346/tools/bin/../lib/gcc/arm-none-eabi/9.3.1/../../../../arm-none-eabi/lib/thumb/v7-m/nofp\libc_nano.a(lib_a-nano-svfprintf.o)
                0x0000000008008378                _svfiprintf_r
                0x0000000008008378                _svfprintf_r
 .text._printf_common
                0x0000000008008578       0xde c:/st/stm32cubeide_1.7.0/stm32cubeide/plugins/com.st.stm32cube.ide.mcu.externaltools.gnu-tools-for-stm32.9-2020-q2-update.win32_2.0.0.202105311346/tools/bin/../lib/gcc/arm-none-eabi/9.3.1/../../../../arm-none-eabi/lib/thumb/v7-m/nofp\libc_nano.a(lib_a-nano-vfprintf_i.o)
                0x0000000008008578                _printf_common
 *fill*         0x0000000008008656        0x2 
 .text._printf_i
                0x0000000008008658      0x24c c:/st/stm32cubeide_1.7.0/stm32cubeide/plugins/com.st.stm32cube.ide.mcu.externaltools.gnu-tools-for-stm32.9-2020-q2-update.win32_2.0.0.202105311346/tools/bin/../lib/gcc/arm-none-eabi/9.3.1/../../../../arm-none-eabi/lib/thumb/v7-m/nofp\libc_nano.a(lib_a-nano-vfprintf_i.o)
                0x0000000008008658                _printf_i
 .text.memchr   0x00000000080088a4       0x1c c:/st/stm32cubeide_1.7.0/stm32cubeide/plugins/com.st.stm32cube.ide.mcu.externaltools.gnu-tools-for-stm32.9-2020-q2-update.win32_2.0.0.202105311346/tools/bin/../lib/gcc/arm-none-eabi/9.3.1/../../../../arm-none-eabi/lib/thumb/v7-m/nofp\libc_nano.a(lib_a-memchr-stub.o)
                0x00000000080088a4                memchr
 .text.memmove  0x00000000080088c0       0x34 c:/st/stm32cubeide_1.7.0/stm32cubeide/plugins/com.st.stm32cube.ide.mcu.externaltools.gnu-tools-for-stm32.9-2020-q2-update.win32_2.0.0.202105311346/tools/bin/../lib/gcc/arm-none-eabi/9.3.1/../../../../arm-none-eabi/lib/thumb/v7-m/nofp\libc_nano.a(lib_a-memmove.o)
                0x00000000080088c0                memmove
 .text._free_r  0x00000000080088f4       0x98 c:/st/stm32cubeide_1.7.0/stm32cubeide/plugins/com.st.stm32cube.ide.mcu.externaltools.gnu-tools-for-stm32.9-2020-q2-update.win32_2.0.0.202105311346/tools/bin/../lib/gcc/arm-none-eabi/9.3.1/../../../../arm-none-eabi/lib/thumb/v7-m/nofp\libc_nano.a(lib_a-nano-freer.o)
                0x00000000080088f4                _free_r
 .text._malloc_r
                0x000000000800898c       0xb4 c:/st/stm32cubeide_1.7.0/stm32cubeide/plugins/com.st.stm32cube.ide.mcu.externaltools.gnu-tools-for-stm32.9-2020-q2-update.win32_2.0.0.202105311346/tools/bin/../lib/gcc/arm-none-eabi/9.3.1/../../../../arm-none-eabi/lib/thumb/v7-m/nofp\libc_nano.a(lib_a-nano-mallocr.o)
                0x000000000800898c                _malloc_r
 .text._realloc_r
                0x0000000008008a40       0x4c c:/st/stm32cubeide_1.7.0/stm32cubeide/plugins/com.st.stm32cube.ide.mcu.externaltools.gnu-tools-for-stm32.9-2020-q2-update.win32_2.0.0.202105311346/tools/bin/../lib/gcc/arm-none-eabi/9.3.1/../../../../arm-none-eabi/lib/thumb/v7-m/nofp\libc_nano.a(lib_a-nano-reallocr.o)
                0x0000000008008a40                _realloc_r
 .text._sbrk_r  0x0000000008008a8c       0x20 c:/st/stm32cubeide_1.7.0/stm32cubeide/plugins/com.st.stm32cube.ide.mcu.externaltools.gnu-tools-for-stm32.9-2020-q2-update.win32_2.0.0.202105311346/tools/bin/../lib/gcc/arm-none-eabi/9.3.1/../../../../arm-none-eabi/lib/thumb/v7-m/nofp\libc_nano.a(lib_a-sbrkr.o)
                0x0000000008008a8c                _sbrk_r
 .text.__malloc_lock
                0x0000000008008aac        0xc c:/st/stm32cubeide_1.7.0/stm32cubeide/plugins/com.st.stm32cube.ide.mcu.externaltools.gnu-tools-for-stm32.9-2020-q2-update.win32_2.0.0.202105311346/tools/bin/../lib/gcc/arm-none-eabi/9.3.1/../../../../arm-none-eabi/lib/thumb/v7-m/nofp\libc_nano.a(lib_a-mlock.o)
                0x0000000008008aac                __malloc_lock
 .text.__malloc_unlock
                0x0000000008008ab8        0xc c:/st/stm32cubeide_1.7.0/stm32cubeide/plugins/com.st.stm32cube.ide.mcu.externaltools.gnu-tools-for-stm32.9-2020-q2-update.win32_2.0.0.202105311346/tools/bin/../lib/gcc/arm-none-eabi/9.3.1/../../../../arm-none-eabi/lib/thumb/v7-m/nofp\libc_nano.a(lib_a-mlock.o)
                0x0000000008008ab8                __malloc_unlock
 .text._malloc_usable_size_r
                0x0000000008008ac4       0x10 c:/st/stm32cubeide_1.7.0/stm32cubeide/plugins/com.st.stm32cube.ide.mcu.externaltools.gnu-tools-for-stm32.9-2020-q2-update.win32_2.0.0.202105311346/tools/bin/../lib/gcc/arm-none-eabi/9.3.1/../../../../arm-none-eabi/lib/thumb/v7-m/nofp\libc_nano.a(lib_a-nano-msizer.o)
                0x0000000008008ac4                _malloc_usable_size_r
 .text.__retarget_lock_acquire_recursive
                0x0000000008008ad4        0x2 c:/st/stm32cubeide_1.7.0/stm32cubeide/plugins/com.st.stm32cube.ide.mcu.externaltools.gnu-tools-for-stm32.9-2020-q2-update.win32_2.0.0.202105311346/tools/bin/../lib/gcc/arm-none-eabi/9.3.1/../../../../arm-none-eabi/lib/thumb/v7-m/nofp\libc_nano.a(lib_a-lock.o)
                0x0000000008008ad4                __retarget_lock_acquire_recursive
 .text.__retarget_lock_release_recursive
                0x0000000008008ad6        0x2 c:/st/stm32cubeide_1.7.0/stm32cubeide/plugins/com.st.stm32cube.ide.mcu.externaltools.gnu-tools-for-stm32.9-2020-q2-update.win32_2.0.0.202105311346/tools/bin/../lib/gcc/arm-none-eabi/9.3.1/../../../../arm-none-eabi/lib/thumb/v7-m/nofp\libc_nano.a(lib_a-lock.o)
                0x0000000008008ad6                __retarget_lock_release_recursive
 .text.round    0x0000000008008ad8       0x90 c:/st/stm32cubeide_1.7.0/stm32cubeide/plugins/com.st.stm32cube.ide.mcu.externaltools.gnu-tools-for-stm32.9-2020-q2-update.win32_2.0.0.202105311346/tools/bin/../lib/gcc/arm-none-eabi/9.3.1/../../../../arm-none-eabi/lib/thumb/v7-m/nofp\libm.a(lib_a-s_round.o)
                0x0000000008008ad8                round
 *(.glue_7)
 .glue_7        0x0000000008008b68        0x0 linker stubs
 *(.glue_7t)
 .glue_7t       0x0000000008008b68        0x0 linker stubs
 *(.eh_frame)
 .eh_frame      0x0000000008008b68        0x0 c:/st/stm32cubeide_1.7.0/stm32cubeide/plugins/com.st.stm32cube.ide.mcu.externaltools.gnu-tools-for-stm32.9-2020-q2-update.win32_2.0.0.202105311346/tools/bin/../lib/gcc/arm-none-eabi/9.3.1/thumb/v7-m/nofp/crtbegin.o
 *(.init)
 .init          0x0000000008008b68        0x4 c:/st/stm32cubeide_1.7.0/stm32cubeide/plugins/com.st.stm32cube.ide.mcu.externaltools.gnu-tools-for-stm32.9-2020-q2-update.win32_2.0.0.202105311346/tools/bin/../lib/gcc/arm-none-eabi/9.3.1/thumb/v7-m/nofp/crti.o
                0x0000000008008b68                _init
 .init          0x0000000008008b6c        0x8 c:/st/stm32cubeide_1.7.0/stm32cubeide/plugins/com.st.stm32cube.ide.mcu.externaltools.gnu-tools-for-stm32.9-2020-q2-update.win32_2.0.0.202105311346/tools/bin/../lib/gcc/arm-none-eabi/9.3.1/thumb/v7-m/nofp/crtn.o
 *(.fini)
 .fini          0x0000000008008b74        0x4 c:/st/stm32cubeide_1.7.0/stm32cubeide/plugins/com.st.stm32cube.ide.mcu.externaltools.gnu-tools-for-stm32.9-2020-q2-update.win32_2.0.0.202105311346/tools/bin/../lib/gcc/arm-none-eabi/9.3.1/thumb/v7-m/nofp/crti.o
                0x0000000008008b74                _fini
 .fini          0x0000000008008b78        0x8 c:/st/stm32cubeide_1.7.0/stm32cubeide/plugins/com.st.stm32cube.ide.mcu.externaltools.gnu-tools-for-stm32.9-2020-q2-update.win32_2.0.0.202105311346/tools/bin/../lib/gcc/arm-none-eabi/9.3.1/thumb/v7-m/nofp/crtn.o
                0x0000000008008b80                . = ALIGN (0x4)
                0x0000000008008b80                _etext = .

.vfp11_veneer   0x0000000008008b80        0x0
 .vfp11_veneer  0x0000000008008b80        0x0 linker stubs

.v4_bx          0x0000000008008b80        0x0
 .v4_bx         0x0000000008008b80        0x0 linker stubs

.iplt           0x0000000008008b80        0x0
 .iplt          0x0000000008008b80        0x0 c:/st/stm32cubeide_1.7.0/stm32cubeide/plugins/com.st.stm32cube.ide.mcu.externaltools.gnu-tools-for-stm32.9-2020-q2-update.win32_2.0.0.202105311346/tools/bin/../lib/gcc/arm-none-eabi/9.3.1/thumb/v7-m/nofp/crtbegin.o

.rodata         0x0000000008008b80      0x498
                0x0000000008008b80                . = ALIGN (0x4)
 *(.rodata)
 .rodata        0x0000000008008b80       0x1d ./Core/Src/outputs.o
 *(.rodata*)
 *fill*         0x0000000008008b9d        0x3 
 .rodata.rClutchPaddle_xClutchTargetMaps
                0x0000000008008ba0      0x268 ./Core/Src/Controller.o
 .rodata.rClutchPaddle_xClutchTargetOffsetMaps
                0x0000000008008e08       0x34 ./Core/Src/Controller.o
 .rodata.tUpShift
                0x0000000008008e3c       0x18 ./Core/Src/Controller.o
 .rodata.tDnShift
                0x0000000008008e54       0x18 ./Core/Src/Controller.o
 .rodata.nEngineAntistallMap
                0x0000000008008e6c        0xc ./Core/Src/Controller.o
 .rodata.nEngineUpShiftMap
                0x0000000008008e78        0xc ./Core/Src/Controller.o
 .rodata.nEngineDnShiftMap
                0x0000000008008e84        0xc ./Core/Src/Controller.o
 .rodata.xClutchTargetUpShiftMap
                0x0000000008008e90       0x18 ./Core/Src/Controller.o
 .rodata.xClutchTargetDnShiftMap
                0x0000000008008ea8        0xc ./Core/Src/Controller.o
 .rodata.NGearMap
                0x0000000008008eb4       0x30 ./Core/Src/inputs.o
 .rodata.NGearRawLimsMinMap
                0x0000000008008ee4       0x18 ./Core/Src/inputs.o
 .rodata.NGearRawLimsMaxMap
                0x0000000008008efc       0x18 ./Core/Src/inputs.o
 .rodata.rClutchPaddleMap
                0x0000000008008f14       0x10 ./Core/Src/inputs.o
 .rodata.NSWitchAmap
                0x0000000008008f24       0x70 ./Core/Src/inputs.o
 .rodata.xClutchTarget_rServoDemand
                0x0000000008008f94       0x10 ./Core/Src/outputs.o
 .rodata.AHBPrescTable
                0x0000000008008fa4       0x10 ./Core/Src/system_stm32f1xx.o
                0x0000000008008fa4                AHBPrescTable
 .rodata.APBPrescTable
                0x0000000008008fb4        0x8 ./Core/Src/system_stm32f1xx.o
                0x0000000008008fb4                APBPrescTable
 .rodata.aPLLMULFactorTable.6475
                0x0000000008008fbc       0x10 ./Drivers/STM32F1xx_HAL_Driver/Src/stm32f1xx_hal_rcc.o
 .rodata.aPredivFactorTable.6476
                0x0000000008008fcc        0x2 ./Drivers/STM32F1xx_HAL_Driver/Src/stm32f1xx_hal_rcc.o
 *fill*         0x0000000008008fce        0x2 
 .rodata.aPLLMULFactorTable.6410
                0x0000000008008fd0       0x10 ./Drivers/STM32F1xx_HAL_Driver/Src/stm32f1xx_hal_rcc_ex.o
 .rodata.aPredivFactorTable.6411
                0x0000000008008fe0        0x2 ./Drivers/STM32F1xx_HAL_Driver/Src/stm32f1xx_hal_rcc_ex.o
 .rodata._svfprintf_r.str1.1
                0x0000000008008fe2       0x11 c:/st/stm32cubeide_1.7.0/stm32cubeide/plugins/com.st.stm32cube.ide.mcu.externaltools.gnu-tools-for-stm32.9-2020-q2-update.win32_2.0.0.202105311346/tools/bin/../lib/gcc/arm-none-eabi/9.3.1/../../../../arm-none-eabi/lib/thumb/v7-m/nofp\libc_nano.a(lib_a-nano-svfprintf.o)
 .rodata._printf_i.str1.1
                0x0000000008008ff3       0x22 c:/st/stm32cubeide_1.7.0/stm32cubeide/plugins/com.st.stm32cube.ide.mcu.externaltools.gnu-tools-for-stm32.9-2020-q2-update.win32_2.0.0.202105311346/tools/bin/../lib/gcc/arm-none-eabi/9.3.1/../../../../arm-none-eabi/lib/thumb/v7-m/nofp\libc_nano.a(lib_a-nano-vfprintf_i.o)
                0x0000000008009018                . = ALIGN (0x4)
 *fill*         0x0000000008009015        0x3 

.rel.dyn        0x0000000008009018        0x0
 .rel.iplt      0x0000000008009018        0x0 c:/st/stm32cubeide_1.7.0/stm32cubeide/plugins/com.st.stm32cube.ide.mcu.externaltools.gnu-tools-for-stm32.9-2020-q2-update.win32_2.0.0.202105311346/tools/bin/../lib/gcc/arm-none-eabi/9.3.1/thumb/v7-m/nofp/crtbegin.o

.ARM.extab      0x0000000008009018        0x0
                0x0000000008009018                . = ALIGN (0x4)
 *(.ARM.extab* .gnu.linkonce.armextab.*)
                0x0000000008009018                . = ALIGN (0x4)

.ARM            0x0000000008009018        0x0
                0x0000000008009018                . = ALIGN (0x4)
                0x0000000008009018                __exidx_start = .
 *(.ARM.exidx*)
                0x0000000008009018                __exidx_end = .
                0x0000000008009018                . = ALIGN (0x4)

.preinit_array  0x0000000008009018        0x0
                0x0000000008009018                . = ALIGN (0x4)
                0x0000000008009018                PROVIDE (__preinit_array_start = .)
 *(.preinit_array*)
                0x0000000008009018                PROVIDE (__preinit_array_end = .)
                0x0000000008009018                . = ALIGN (0x4)

.init_array     0x0000000008009018        0x4
                0x0000000008009018                . = ALIGN (0x4)
                0x0000000008009018                PROVIDE (__init_array_start = .)
 *(SORT_BY_NAME(.init_array.*))
 *(.init_array*)
 .init_array    0x0000000008009018        0x4 c:/st/stm32cubeide_1.7.0/stm32cubeide/plugins/com.st.stm32cube.ide.mcu.externaltools.gnu-tools-for-stm32.9-2020-q2-update.win32_2.0.0.202105311346/tools/bin/../lib/gcc/arm-none-eabi/9.3.1/thumb/v7-m/nofp/crtbegin.o
                0x000000000800901c                PROVIDE (__init_array_end = .)
                0x000000000800901c                . = ALIGN (0x4)

.fini_array     0x000000000800901c        0x4
                0x000000000800901c                . = ALIGN (0x4)
                [!provide]                        PROVIDE (__fini_array_start = .)
 *(SORT_BY_NAME(.fini_array.*))
 *(.fini_array*)
 .fini_array    0x000000000800901c        0x4 c:/st/stm32cubeide_1.7.0/stm32cubeide/plugins/com.st.stm32cube.ide.mcu.externaltools.gnu-tools-for-stm32.9-2020-q2-update.win32_2.0.0.202105311346/tools/bin/../lib/gcc/arm-none-eabi/9.3.1/thumb/v7-m/nofp/crtbegin.o
                [!provide]                        PROVIDE (__fini_array_end = .)
                0x0000000008009020                . = ALIGN (0x4)
                0x0000000008009020                _sidata = LOADADDR (.data)

.data           0x0000000020000000       0xd4 load address 0x0000000008009020
                0x0000000020000000                . = ALIGN (0x4)
                0x0000000020000000                _sdata = .
 *(.data)
 *(.data*)
 .data.rClutchPaddle_xClutchTargetMap
                0x0000000020000000       0x58 ./Core/Src/Controller.o
                0x0000000020000000                rClutchPaddle_xClutchTargetMap
 .data.nCanOldestMailbox
                0x0000000020000058        0x4 ./Core/Src/outputs.o
                0x0000000020000058                nCanOldestMailbox
 .data.nCanSecondOldestMailbox
                0x000000002000005c        0x4 ./Core/Src/outputs.o
                0x000000002000005c                nCanSecondOldestMailbox
 .data.nCanYoungestMailbox
                0x0000000020000060        0x4 ./Core/Src/outputs.o
                0x0000000020000060                nCanYoungestMailbox
 .data.SystemCoreClock
                0x0000000020000064        0x4 ./Core/Src/system_stm32f1xx.o
                0x0000000020000064                SystemCoreClock
 .data.uwTickPrio
                0x0000000020000068        0x4 ./Drivers/STM32F1xx_HAL_Driver/Src/stm32f1xx_hal.o
                0x0000000020000068                uwTickPrio
 .data.uwTickFreq
                0x000000002000006c        0x1 ./Drivers/STM32F1xx_HAL_Driver/Src/stm32f1xx_hal.o
                0x000000002000006c                uwTickFreq
 *fill*         0x000000002000006d        0x3 
 .data._impure_ptr
                0x0000000020000070        0x4 c:/st/stm32cubeide_1.7.0/stm32cubeide/plugins/com.st.stm32cube.ide.mcu.externaltools.gnu-tools-for-stm32.9-2020-q2-update.win32_2.0.0.202105311346/tools/bin/../lib/gcc/arm-none-eabi/9.3.1/../../../../arm-none-eabi/lib/thumb/v7-m/nofp\libc_nano.a(lib_a-impure.o)
                0x0000000020000070                _impure_ptr
 .data.impure_data
                0x0000000020000074       0x60 c:/st/stm32cubeide_1.7.0/stm32cubeide/plugins/com.st.stm32cube.ide.mcu.externaltools.gnu-tools-for-stm32.9-2020-q2-update.win32_2.0.0.202105311346/tools/bin/../lib/gcc/arm-none-eabi/9.3.1/../../../../arm-none-eabi/lib/thumb/v7-m/nofp\libc_nano.a(lib_a-impure.o)
 *(.RamFunc)
 *(.RamFunc*)
                0x00000000200000d4                . = ALIGN (0x4)
                0x00000000200000d4                _edata = .

.igot.plt       0x00000000200000d4        0x0 load address 0x00000000080090f4
 .igot.plt      0x00000000200000d4        0x0 c:/st/stm32cubeide_1.7.0/stm32cubeide/plugins/com.st.stm32cube.ide.mcu.externaltools.gnu-tools-for-stm32.9-2020-q2-update.win32_2.0.0.202105311346/tools/bin/../lib/gcc/arm-none-eabi/9.3.1/thumb/v7-m/nofp/crtbegin.o
                0x00000000200000d4                . = ALIGN (0x4)

.bss            0x00000000200000d4     0x2618 load address 0x00000000080090f4
                0x00000000200000d4                _sbss = .
                0x00000000200000d4                __bss_start__ = _sbss
 *(.bss)
 .bss           0x00000000200000d4       0x1c c:/st/stm32cubeide_1.7.0/stm32cubeide/plugins/com.st.stm32cube.ide.mcu.externaltools.gnu-tools-for-stm32.9-2020-q2-update.win32_2.0.0.202105311346/tools/bin/../lib/gcc/arm-none-eabi/9.3.1/thumb/v7-m/nofp/crtbegin.o
 *(.bss*)
 .bss.NCanGetRxErrorCount
                0x00000000200000f0        0x2 ./Core/Src/inputs.o
                0x00000000200000f0                NCanGetRxErrorCount
 .bss.BCycleTimerFlag
                0x00000000200000f2        0x1 ./Core/Src/main.o
                0x00000000200000f2                BCycleTimerFlag
 *fill*         0x00000000200000f3        0x1 
 .bss.nCanTxErrorCount
                0x00000000200000f4        0x4 ./Core/Src/outputs.o
                0x00000000200000f4                nCanTxErrorCount
 .bss.__sbrk_heap_end
                0x00000000200000f8        0x4 ./Core/Src/sysmem.o
 .bss.__malloc_free_list
                0x00000000200000fc        0x4 c:/st/stm32cubeide_1.7.0/stm32cubeide/plugins/com.st.stm32cube.ide.mcu.externaltools.gnu-tools-for-stm32.9-2020-q2-update.win32_2.0.0.202105311346/tools/bin/../lib/gcc/arm-none-eabi/9.3.1/../../../../arm-none-eabi/lib/thumb/v7-m/nofp\libc_nano.a(lib_a-nano-mallocr.o)
                0x00000000200000fc                __malloc_free_list
 .bss.__malloc_sbrk_start
                0x0000000020000100        0x4 c:/st/stm32cubeide_1.7.0/stm32cubeide/plugins/com.st.stm32cube.ide.mcu.externaltools.gnu-tools-for-stm32.9-2020-q2-update.win32_2.0.0.202105311346/tools/bin/../lib/gcc/arm-none-eabi/9.3.1/../../../../arm-none-eabi/lib/thumb/v7-m/nofp\libc_nano.a(lib_a-nano-mallocr.o)
                0x0000000020000100                __malloc_sbrk_start
 *(COMMON)
 COMMON         0x0000000020000104       0x44 ./Core/Src/Controller.o
                0x0000000020000104                NShiftRequest
                0x0000000020000105                NPreviousState
                0x0000000020000108                tToggleSwitch03
                0x000000002000010c                NCurrentState
                0x0000000020000110                tToggleSwitch04
                0x0000000020000114                tToggleSwitch01
                0x0000000020000118                tPreShiftTimer
                0x000000002000011c                NMultifunctionActiveSwitchPrev
                0x0000000020000120                tShiftTimer
                0x0000000020000124                tPostShiftTimer
                0x0000000020000128                tShifterMaxTransitTime
                0x000000002000012c                tControllerErrorStatusShadow
                0x0000000020000130                MyOutputs
                0x0000000020000134                tControllerTimmer
                0x0000000020000138                tAntistallTimmer
                0x000000002000013c                tToggleSwitch02
                0x0000000020000140                NMFIdx
                0x0000000020000144                MyInputs
 COMMON         0x0000000020000148       0x3c ./Core/Src/inputs.o
                0x0000000020000148                BrClutchPaddleRawInErrorCAN
                0x000000002000014c                tVUpDn
                0x0000000020000150                BButtonACAN
                0x0000000020000154                tCANSteeringWheelLastSeen
                0x0000000020000158                BButtonDCAN
                0x0000000020000159                NAdcBufferSide
                0x000000002000015a                BUpShiftButtonCANInError
                0x000000002000015c                tCANECULastSeen
                0x0000000020000160                BButtonBCAN
                0x0000000020000161                rClutchPaddleRaw
                0x0000000020000162                BLaunchRequested
                0x0000000020000163                BFalseNeutralState
                0x0000000020000164                rClutchPaddleDeclutch
                0x0000000020000165                BDnShiftButtonCANInError
                0x0000000020000166                NCANErrorCount
                0x0000000020000168                tInputsTimmer
                0x000000002000016c                BButtonECAN
                0x000000002000016d                BDnShiftRequested
                0x000000002000016e                BClutchPaddlePressed
                0x000000002000016f                BDnShiftButtonCAN
                0x0000000020000170                BButtonFCAN
                0x0000000020000171                rClutchPaddleRawCAN
                0x0000000020000172                NGearRawADCFiltered
                0x0000000020000174                tBFalseNeutral
                0x0000000020000178                nEngineRawCAN
                0x000000002000017a                BButtonCCAN
                0x000000002000017b                BDeclutchRequested
                0x000000002000017c                BUpShiftButtonCAN
                0x000000002000017d                BUpShiftRequested
                0x0000000020000180                tBDriverKillTimer
 COMMON         0x0000000020000184     0x253c ./Core/Src/main.o
                0x0000000020000184                hcan
                0x00000000200001ac                htim3
                0x00000000200001f4                hadc1
                0x0000000020000224                huart1
                0x000000002000026c                hdma_adc1
                0x00000000200002b0                Inputs
                0x0000000020000340                htim1
                0x0000000020000388                adcRawValue
                0x00000000200025c8                htim2
                0x0000000020002610                Outputs
 COMMON         0x00000000200026c0       0x18 ./Core/Src/outputs.o
                0x00000000200026c0                xClutchTargetOut
                0x00000000200026c4                TxData
                0x00000000200026cc                nTimerPrescaler
                0x00000000200026d0                rServoDemand
                0x00000000200026d4                tOutputsTimer
 COMMON         0x00000000200026d8        0x4 ./Drivers/STM32F1xx_HAL_Driver/Src/stm32f1xx_hal.o
                0x00000000200026d8                uwTick
 COMMON         0x00000000200026dc        0x4 c:/st/stm32cubeide_1.7.0/stm32cubeide/plugins/com.st.stm32cube.ide.mcu.externaltools.gnu-tools-for-stm32.9-2020-q2-update.win32_2.0.0.202105311346/tools/bin/../lib/gcc/arm-none-eabi/9.3.1/../../../../arm-none-eabi/lib/thumb/v7-m/nofp\libc_nano.a(lib_a-reent.o)
                0x00000000200026dc                errno
 COMMON         0x00000000200026e0        0x9 c:/st/stm32cubeide_1.7.0/stm32cubeide/plugins/com.st.stm32cube.ide.mcu.externaltools.gnu-tools-for-stm32.9-2020-q2-update.win32_2.0.0.202105311346/tools/bin/../lib/gcc/arm-none-eabi/9.3.1/../../../../arm-none-eabi/lib/thumb/v7-m/nofp\libc_nano.a(lib_a-lock.o)
                0x00000000200026e0                __lock___atexit_recursive_mutex
                0x00000000200026e1                __lock___arc4random_mutex
                0x00000000200026e2                __lock___env_recursive_mutex
                0x00000000200026e3                __lock___sinit_recursive_mutex
                0x00000000200026e4                __lock___malloc_recursive_mutex
                0x00000000200026e5                __lock___at_quick_exit_mutex
                0x00000000200026e6                __lock___dd_hash_mutex
                0x00000000200026e7                __lock___tz_mutex
                0x00000000200026e8                __lock___sfp_recursive_mutex
                0x00000000200026ec                . = ALIGN (0x4)
 *fill*         0x00000000200026e9        0x3 
                0x00000000200026ec                _ebss = .
                0x00000000200026ec                __bss_end__ = _ebss

._user_heap_stack
                0x00000000200026ec      0x604 load address 0x00000000080090f4
                0x00000000200026f0                . = ALIGN (0x8)
 *fill*         0x00000000200026ec        0x4 
                [!provide]                        PROVIDE (end = .)
                0x00000000200026f0                PROVIDE (_end = .)
                0x00000000200028f0                . = (. + _Min_Heap_Size)
 *fill*         0x00000000200026f0      0x200 
                0x0000000020002cf0                . = (. + _Min_Stack_Size)
 *fill*         0x00000000200028f0      0x400 
                0x0000000020002cf0                . = ALIGN (0x8)

/DISCARD/
 libc.a(*)
 libm.a(*)
 libgcc.a(*)

.ARM.attributes
                0x0000000000000000       0x29
 *(.ARM.attributes)
 .ARM.attributes
                0x0000000000000000       0x1d c:/st/stm32cubeide_1.7.0/stm32cubeide/plugins/com.st.stm32cube.ide.mcu.externaltools.gnu-tools-for-stm32.9-2020-q2-update.win32_2.0.0.202105311346/tools/bin/../lib/gcc/arm-none-eabi/9.3.1/thumb/v7-m/nofp/crti.o
 .ARM.attributes
                0x000000000000001d       0x2d c:/st/stm32cubeide_1.7.0/stm32cubeide/plugins/com.st.stm32cube.ide.mcu.externaltools.gnu-tools-for-stm32.9-2020-q2-update.win32_2.0.0.202105311346/tools/bin/../lib/gcc/arm-none-eabi/9.3.1/thumb/v7-m/nofp/crtbegin.o
 .ARM.attributes
                0x000000000000004a       0x2d ./Core/Src/Controller.o
 .ARM.attributes
                0x0000000000000077       0x2d ./Core/Src/inputs.o
 .ARM.attributes
                0x00000000000000a4       0x2d ./Core/Src/main.o
 .ARM.attributes
                0x00000000000000d1       0x2d ./Core/Src/outputs.o
 .ARM.attributes
                0x00000000000000fe       0x2d ./Core/Src/stm32f1xx_hal_msp.o
 .ARM.attributes
                0x000000000000012b       0x2d ./Core/Src/stm32f1xx_it.o
 .ARM.attributes
                0x0000000000000158       0x2d ./Core/Src/sysmem.o
 .ARM.attributes
                0x0000000000000185       0x2d ./Core/Src/system_stm32f1xx.o
 .ARM.attributes
                0x00000000000001b2       0x2d ./Core/Src/utils.o
 .ARM.attributes
                0x00000000000001df       0x21 ./Core/Startup/startup_stm32f103c8tx.o
 .ARM.attributes
                0x0000000000000200       0x2d ./Drivers/STM32F1xx_HAL_Driver/Src/stm32f1xx_hal.o
 .ARM.attributes
                0x000000000000022d       0x2d ./Drivers/STM32F1xx_HAL_Driver/Src/stm32f1xx_hal_adc.o
 .ARM.attributes
                0x000000000000025a       0x2d ./Drivers/STM32F1xx_HAL_Driver/Src/stm32f1xx_hal_adc_ex.o
 .ARM.attributes
                0x0000000000000287       0x2d ./Drivers/STM32F1xx_HAL_Driver/Src/stm32f1xx_hal_can.o
 .ARM.attributes
                0x00000000000002b4       0x2d ./Drivers/STM32F1xx_HAL_Driver/Src/stm32f1xx_hal_cortex.o
 .ARM.attributes
                0x00000000000002e1       0x2d ./Drivers/STM32F1xx_HAL_Driver/Src/stm32f1xx_hal_dma.o
 .ARM.attributes
                0x000000000000030e       0x2d ./Drivers/STM32F1xx_HAL_Driver/Src/stm32f1xx_hal_gpio.o
 .ARM.attributes
                0x000000000000033b       0x2d ./Drivers/STM32F1xx_HAL_Driver/Src/stm32f1xx_hal_rcc.o
 .ARM.attributes
                0x0000000000000368       0x2d ./Drivers/STM32F1xx_HAL_Driver/Src/stm32f1xx_hal_rcc_ex.o
 .ARM.attributes
                0x0000000000000395       0x2d ./Drivers/STM32F1xx_HAL_Driver/Src/stm32f1xx_hal_tim.o
 .ARM.attributes
                0x00000000000003c2       0x2d ./Drivers/STM32F1xx_HAL_Driver/Src/stm32f1xx_hal_tim_ex.o
 .ARM.attributes
                0x00000000000003ef       0x2d ./Drivers/STM32F1xx_HAL_Driver/Src/stm32f1xx_hal_uart.o
 .ARM.attributes
                0x000000000000041c       0x2d c:/st/stm32cubeide_1.7.0/stm32cubeide/plugins/com.st.stm32cube.ide.mcu.externaltools.gnu-tools-for-stm32.9-2020-q2-update.win32_2.0.0.202105311346/tools/bin/../lib/gcc/arm-none-eabi/9.3.1/../../../../arm-none-eabi/lib/thumb/v7-m/nofp\libc_nano.a(lib_a-errno.o)
 .ARM.attributes
                0x0000000000000449       0x2d c:/st/stm32cubeide_1.7.0/stm32cubeide/plugins/com.st.stm32cube.ide.mcu.externaltools.gnu-tools-for-stm32.9-2020-q2-update.win32_2.0.0.202105311346/tools/bin/../lib/gcc/arm-none-eabi/9.3.1/../../../../arm-none-eabi/lib/thumb/v7-m/nofp\libc_nano.a(lib_a-impure.o)
 .ARM.attributes
                0x0000000000000476       0x2d c:/st/stm32cubeide_1.7.0/stm32cubeide/plugins/com.st.stm32cube.ide.mcu.externaltools.gnu-tools-for-stm32.9-2020-q2-update.win32_2.0.0.202105311346/tools/bin/../lib/gcc/arm-none-eabi/9.3.1/../../../../arm-none-eabi/lib/thumb/v7-m/nofp\libc_nano.a(lib_a-init.o)
 .ARM.attributes
                0x00000000000004a3       0x2d c:/st/stm32cubeide_1.7.0/stm32cubeide/plugins/com.st.stm32cube.ide.mcu.externaltools.gnu-tools-for-stm32.9-2020-q2-update.win32_2.0.0.202105311346/tools/bin/../lib/gcc/arm-none-eabi/9.3.1/../../../../arm-none-eabi/lib/thumb/v7-m/nofp\libc_nano.a(lib_a-memcpy-stub.o)
 .ARM.attributes
                0x00000000000004d0       0x2d c:/st/stm32cubeide_1.7.0/stm32cubeide/plugins/com.st.stm32cube.ide.mcu.externaltools.gnu-tools-for-stm32.9-2020-q2-update.win32_2.0.0.202105311346/tools/bin/../lib/gcc/arm-none-eabi/9.3.1/../../../../arm-none-eabi/lib/thumb/v7-m/nofp\libc_nano.a(lib_a-memset.o)
 .ARM.attributes
                0x00000000000004fd       0x2d c:/st/stm32cubeide_1.7.0/stm32cubeide/plugins/com.st.stm32cube.ide.mcu.externaltools.gnu-tools-for-stm32.9-2020-q2-update.win32_2.0.0.202105311346/tools/bin/../lib/gcc/arm-none-eabi/9.3.1/../../../../arm-none-eabi/lib/thumb/v7-m/nofp\libc_nano.a(lib_a-vsprintf.o)
 .ARM.attributes
                0x000000000000052a       0x2d c:/st/stm32cubeide_1.7.0/stm32cubeide/plugins/com.st.stm32cube.ide.mcu.externaltools.gnu-tools-for-stm32.9-2020-q2-update.win32_2.0.0.202105311346/tools/bin/../lib/gcc/arm-none-eabi/9.3.1/../../../../arm-none-eabi/lib/thumb/v7-m/nofp\libc_nano.a(lib_a-nano-svfprintf.o)
 .ARM.attributes
                0x0000000000000557       0x2d c:/st/stm32cubeide_1.7.0/stm32cubeide/plugins/com.st.stm32cube.ide.mcu.externaltools.gnu-tools-for-stm32.9-2020-q2-update.win32_2.0.0.202105311346/tools/bin/../lib/gcc/arm-none-eabi/9.3.1/../../../../arm-none-eabi/lib/thumb/v7-m/nofp\libc_nano.a(lib_a-nano-vfprintf_i.o)
 .ARM.attributes
                0x0000000000000584       0x2d c:/st/stm32cubeide_1.7.0/stm32cubeide/plugins/com.st.stm32cube.ide.mcu.externaltools.gnu-tools-for-stm32.9-2020-q2-update.win32_2.0.0.202105311346/tools/bin/../lib/gcc/arm-none-eabi/9.3.1/../../../../arm-none-eabi/lib/thumb/v7-m/nofp\libc_nano.a(lib_a-memchr-stub.o)
 .ARM.attributes
                0x00000000000005b1       0x2d c:/st/stm32cubeide_1.7.0/stm32cubeide/plugins/com.st.stm32cube.ide.mcu.externaltools.gnu-tools-for-stm32.9-2020-q2-update.win32_2.0.0.202105311346/tools/bin/../lib/gcc/arm-none-eabi/9.3.1/../../../../arm-none-eabi/lib/thumb/v7-m/nofp\libc_nano.a(lib_a-memmove.o)
 .ARM.attributes
                0x00000000000005de       0x2d c:/st/stm32cubeide_1.7.0/stm32cubeide/plugins/com.st.stm32cube.ide.mcu.externaltools.gnu-tools-for-stm32.9-2020-q2-update.win32_2.0.0.202105311346/tools/bin/../lib/gcc/arm-none-eabi/9.3.1/../../../../arm-none-eabi/lib/thumb/v7-m/nofp\libc_nano.a(lib_a-nano-freer.o)
 .ARM.attributes
                0x000000000000060b       0x2d c:/st/stm32cubeide_1.7.0/stm32cubeide/plugins/com.st.stm32cube.ide.mcu.externaltools.gnu-tools-for-stm32.9-2020-q2-update.win32_2.0.0.202105311346/tools/bin/../lib/gcc/arm-none-eabi/9.3.1/../../../../arm-none-eabi/lib/thumb/v7-m/nofp\libc_nano.a(lib_a-nano-mallocr.o)
 .ARM.attributes
                0x0000000000000638       0x2d c:/st/stm32cubeide_1.7.0/stm32cubeide/plugins/com.st.stm32cube.ide.mcu.externaltools.gnu-tools-for-stm32.9-2020-q2-update.win32_2.0.0.202105311346/tools/bin/../lib/gcc/arm-none-eabi/9.3.1/../../../../arm-none-eabi/lib/thumb/v7-m/nofp\libc_nano.a(lib_a-nano-reallocr.o)
 .ARM.attributes
                0x0000000000000665       0x2d c:/st/stm32cubeide_1.7.0/stm32cubeide/plugins/com.st.stm32cube.ide.mcu.externaltools.gnu-tools-for-stm32.9-2020-q2-update.win32_2.0.0.202105311346/tools/bin/../lib/gcc/arm-none-eabi/9.3.1/../../../../arm-none-eabi/lib/thumb/v7-m/nofp\libc_nano.a(lib_a-sbrkr.o)
 .ARM.attributes
                0x0000000000000692       0x2d c:/st/stm32cubeide_1.7.0/stm32cubeide/plugins/com.st.stm32cube.ide.mcu.externaltools.gnu-tools-for-stm32.9-2020-q2-update.win32_2.0.0.202105311346/tools/bin/../lib/gcc/arm-none-eabi/9.3.1/../../../../arm-none-eabi/lib/thumb/v7-m/nofp\libc_nano.a(lib_a-mlock.o)
 .ARM.attributes
                0x00000000000006bf       0x2d c:/st/stm32cubeide_1.7.0/stm32cubeide/plugins/com.st.stm32cube.ide.mcu.externaltools.gnu-tools-for-stm32.9-2020-q2-update.win32_2.0.0.202105311346/tools/bin/../lib/gcc/arm-none-eabi/9.3.1/../../../../arm-none-eabi/lib/thumb/v7-m/nofp\libc_nano.a(lib_a-nano-msizer.o)
 .ARM.attributes
                0x00000000000006ec       0x2d c:/st/stm32cubeide_1.7.0/stm32cubeide/plugins/com.st.stm32cube.ide.mcu.externaltools.gnu-tools-for-stm32.9-2020-q2-update.win32_2.0.0.202105311346/tools/bin/../lib/gcc/arm-none-eabi/9.3.1/../../../../arm-none-eabi/lib/thumb/v7-m/nofp\libc_nano.a(lib_a-reent.o)
 .ARM.attributes
                0x0000000000000719       0x2d c:/st/stm32cubeide_1.7.0/stm32cubeide/plugins/com.st.stm32cube.ide.mcu.externaltools.gnu-tools-for-stm32.9-2020-q2-update.win32_2.0.0.202105311346/tools/bin/../lib/gcc/arm-none-eabi/9.3.1/../../../../arm-none-eabi/lib/thumb/v7-m/nofp\libc_nano.a(lib_a-lock.o)
 .ARM.attributes
                0x0000000000000746       0x2d c:/st/stm32cubeide_1.7.0/stm32cubeide/plugins/com.st.stm32cube.ide.mcu.externaltools.gnu-tools-for-stm32.9-2020-q2-update.win32_2.0.0.202105311346/tools/bin/../lib/gcc/arm-none-eabi/9.3.1/../../../../arm-none-eabi/lib/thumb/v7-m/nofp\libm.a(lib_a-s_round.o)
 .ARM.attributes
                0x0000000000000773       0x1d c:/st/stm32cubeide_1.7.0/stm32cubeide/plugins/com.st.stm32cube.ide.mcu.externaltools.gnu-tools-for-stm32.9-2020-q2-update.win32_2.0.0.202105311346/tools/bin/../lib/gcc/arm-none-eabi/9.3.1/thumb/v7-m/nofp\libgcc.a(_arm_addsubdf3.o)
 .ARM.attributes
                0x0000000000000790       0x1d c:/st/stm32cubeide_1.7.0/stm32cubeide/plugins/com.st.stm32cube.ide.mcu.externaltools.gnu-tools-for-stm32.9-2020-q2-update.win32_2.0.0.202105311346/tools/bin/../lib/gcc/arm-none-eabi/9.3.1/thumb/v7-m/nofp\libgcc.a(_arm_fixdfsi.o)
 .ARM.attributes
                0x00000000000007ad       0x1d c:/st/stm32cubeide_1.7.0/stm32cubeide/plugins/com.st.stm32cube.ide.mcu.externaltools.gnu-tools-for-stm32.9-2020-q2-update.win32_2.0.0.202105311346/tools/bin/../lib/gcc/arm-none-eabi/9.3.1/thumb/v7-m/nofp\libgcc.a(_arm_fixunsdfsi.o)
 .ARM.attributes
                0x00000000000007ca       0x1d c:/st/stm32cubeide_1.7.0/stm32cubeide/plugins/com.st.stm32cube.ide.mcu.externaltools.gnu-tools-for-stm32.9-2020-q2-update.win32_2.0.0.202105311346/tools/bin/../lib/gcc/arm-none-eabi/9.3.1/thumb/v7-m/nofp\libgcc.a(_arm_addsubsf3.o)
 .ARM.attributes
                0x00000000000007e7       0x1d c:/st/stm32cubeide_1.7.0/stm32cubeide/plugins/com.st.stm32cube.ide.mcu.externaltools.gnu-tools-for-stm32.9-2020-q2-update.win32_2.0.0.202105311346/tools/bin/../lib/gcc/arm-none-eabi/9.3.1/thumb/v7-m/nofp\libgcc.a(_arm_muldivsf3.o)
 .ARM.attributes
                0x0000000000000804       0x1d c:/st/stm32cubeide_1.7.0/stm32cubeide/plugins/com.st.stm32cube.ide.mcu.externaltools.gnu-tools-for-stm32.9-2020-q2-update.win32_2.0.0.202105311346/tools/bin/../lib/gcc/arm-none-eabi/9.3.1/thumb/v7-m/nofp\libgcc.a(_arm_cmpsf2.o)
 .ARM.attributes
                0x0000000000000821       0x1d c:/st/stm32cubeide_1.7.0/stm32cubeide/plugins/com.st.stm32cube.ide.mcu.externaltools.gnu-tools-for-stm32.9-2020-q2-update.win32_2.0.0.202105311346/tools/bin/../lib/gcc/arm-none-eabi/9.3.1/thumb/v7-m/nofp\libgcc.a(_arm_fixunssfsi.o)
 .ARM.attributes
                0x000000000000083e       0x1d c:/st/stm32cubeide_1.7.0/stm32cubeide/plugins/com.st.stm32cube.ide.mcu.externaltools.gnu-tools-for-stm32.9-2020-q2-update.win32_2.0.0.202105311346/tools/bin/../lib/gcc/arm-none-eabi/9.3.1/thumb/v7-m/nofp/crtn.o
OUTPUT(SHIFTER.elf elf32-littlearm)
LOAD linker stubs
LOAD c:/st/stm32cubeide_1.7.0/stm32cubeide/plugins/com.st.stm32cube.ide.mcu.externaltools.gnu-tools-for-stm32.9-2020-q2-update.win32_2.0.0.202105311346/tools/bin/../lib/gcc/arm-none-eabi/9.3.1/../../../../arm-none-eabi/lib/thumb/v7-m/nofp\libc.a
LOAD c:/st/stm32cubeide_1.7.0/stm32cubeide/plugins/com.st.stm32cube.ide.mcu.externaltools.gnu-tools-for-stm32.9-2020-q2-update.win32_2.0.0.202105311346/tools/bin/../lib/gcc/arm-none-eabi/9.3.1/../../../../arm-none-eabi/lib/thumb/v7-m/nofp\libm.a
LOAD c:/st/stm32cubeide_1.7.0/stm32cubeide/plugins/com.st.stm32cube.ide.mcu.externaltools.gnu-tools-for-stm32.9-2020-q2-update.win32_2.0.0.202105311346/tools/bin/../lib/gcc/arm-none-eabi/9.3.1/thumb/v7-m/nofp\libgcc.a

.debug_info     0x0000000000000000    0x1aaaf
 .debug_info    0x0000000000000000     0x2727 ./Core/Src/Controller.o
 .debug_info    0x0000000000002727     0x2410 ./Core/Src/inputs.o
 .debug_info    0x0000000000004b37     0x2c96 ./Core/Src/main.o
 .debug_info    0x00000000000077cd     0x2518 ./Core/Src/outputs.o
 .debug_info    0x0000000000009ce5     0x15b7 ./Core/Src/stm32f1xx_hal_msp.o
 .debug_info    0x000000000000b29c      0xbc4 ./Core/Src/stm32f1xx_it.o
 .debug_info    0x000000000000be60      0xa25 ./Core/Src/sysmem.o
 .debug_info    0x000000000000c885      0x2be ./Core/Src/system_stm32f1xx.o
 .debug_info    0x000000000000cb43     0x13b0 ./Core/Src/utils.o
 .debug_info    0x000000000000def3       0x22 ./Core/Startup/startup_stm32f103c8tx.o
 .debug_info    0x000000000000df15      0x76a ./Drivers/STM32F1xx_HAL_Driver/Src/stm32f1xx_hal.o
 .debug_info    0x000000000000e67f      0xd52 ./Drivers/STM32F1xx_HAL_Driver/Src/stm32f1xx_hal_adc.o
 .debug_info    0x000000000000f3d1      0xaac ./Drivers/STM32F1xx_HAL_Driver/Src/stm32f1xx_hal_adc_ex.o
 .debug_info    0x000000000000fe7d     0x1099 ./Drivers/STM32F1xx_HAL_Driver/Src/stm32f1xx_hal_can.o
 .debug_info    0x0000000000010f16      0xbdc ./Drivers/STM32F1xx_HAL_Driver/Src/stm32f1xx_hal_cortex.o
 .debug_info    0x0000000000011af2      0x823 ./Drivers/STM32F1xx_HAL_Driver/Src/stm32f1xx_hal_dma.o
 .debug_info    0x0000000000012315      0x701 ./Drivers/STM32F1xx_HAL_Driver/Src/stm32f1xx_hal_gpio.o
 .debug_info    0x0000000000012a16      0x893 ./Drivers/STM32F1xx_HAL_Driver/Src/stm32f1xx_hal_rcc.o
 .debug_info    0x00000000000132a9      0x486 ./Drivers/STM32F1xx_HAL_Driver/Src/stm32f1xx_hal_rcc_ex.o
 .debug_info    0x000000000001372f     0x2c12 ./Drivers/STM32F1xx_HAL_Driver/Src/stm32f1xx_hal_tim.o
 .debug_info    0x0000000000016341     0x157f ./Drivers/STM32F1xx_HAL_Driver/Src/stm32f1xx_hal_tim_ex.o
 .debug_info    0x00000000000178c0     0x31ef ./Drivers/STM32F1xx_HAL_Driver/Src/stm32f1xx_hal_uart.o

.debug_abbrev   0x0000000000000000     0x314b
 .debug_abbrev  0x0000000000000000      0x2ee ./Core/Src/Controller.o
 .debug_abbrev  0x00000000000002ee      0x332 ./Core/Src/inputs.o
 .debug_abbrev  0x0000000000000620      0x3aa ./Core/Src/main.o
 .debug_abbrev  0x00000000000009ca      0x2b1 ./Core/Src/outputs.o
 .debug_abbrev  0x0000000000000c7b      0x248 ./Core/Src/stm32f1xx_hal_msp.o
 .debug_abbrev  0x0000000000000ec3      0x1c9 ./Core/Src/stm32f1xx_it.o
 .debug_abbrev  0x000000000000108c      0x1bf ./Core/Src/sysmem.o
 .debug_abbrev  0x000000000000124b      0x14e ./Core/Src/system_stm32f1xx.o
 .debug_abbrev  0x0000000000001399      0x28c ./Core/Src/utils.o
 .debug_abbrev  0x0000000000001625       0x12 ./Core/Startup/startup_stm32f103c8tx.o
 .debug_abbrev  0x0000000000001637      0x1ed ./Drivers/STM32F1xx_HAL_Driver/Src/stm32f1xx_hal.o
 .debug_abbrev  0x0000000000001824      0x1fb ./Drivers/STM32F1xx_HAL_Driver/Src/stm32f1xx_hal_adc.o
 .debug_abbrev  0x0000000000001a1f      0x21f ./Drivers/STM32F1xx_HAL_Driver/Src/stm32f1xx_hal_adc_ex.o
 .debug_abbrev  0x0000000000001c3e      0x235 ./Drivers/STM32F1xx_HAL_Driver/Src/stm32f1xx_hal_can.o
 .debug_abbrev  0x0000000000001e73      0x313 ./Drivers/STM32F1xx_HAL_Driver/Src/stm32f1xx_hal_cortex.o
 .debug_abbrev  0x0000000000002186      0x228 ./Drivers/STM32F1xx_HAL_Driver/Src/stm32f1xx_hal_dma.o
 .debug_abbrev  0x00000000000023ae      0x1e8 ./Drivers/STM32F1xx_HAL_Driver/Src/stm32f1xx_hal_gpio.o
 .debug_abbrev  0x0000000000002596      0x273 ./Drivers/STM32F1xx_HAL_Driver/Src/stm32f1xx_hal_rcc.o
 .debug_abbrev  0x0000000000002809      0x193 ./Drivers/STM32F1xx_HAL_Driver/Src/stm32f1xx_hal_rcc_ex.o
 .debug_abbrev  0x000000000000299c      0x25e ./Drivers/STM32F1xx_HAL_Driver/Src/stm32f1xx_hal_tim.o
 .debug_abbrev  0x0000000000002bfa      0x266 ./Drivers/STM32F1xx_HAL_Driver/Src/stm32f1xx_hal_tim_ex.o
 .debug_abbrev  0x0000000000002e60      0x2eb ./Drivers/STM32F1xx_HAL_Driver/Src/stm32f1xx_hal_uart.o

.debug_aranges  0x0000000000000000     0x10c8
 .debug_aranges
                0x0000000000000000       0xe8 ./Core/Src/Controller.o
 .debug_aranges
                0x00000000000000e8       0x58 ./Core/Src/inputs.o
 .debug_aranges
                0x0000000000000140       0x80 ./Core/Src/main.o
 .debug_aranges
                0x00000000000001c0       0x30 ./Core/Src/outputs.o
 .debug_aranges
                0x00000000000001f0       0x68 ./Core/Src/stm32f1xx_hal_msp.o
 .debug_aranges
                0x0000000000000258       0x78 ./Core/Src/stm32f1xx_it.o
 .debug_aranges
                0x00000000000002d0       0x20 ./Core/Src/sysmem.o
 .debug_aranges
                0x00000000000002f0       0x28 ./Core/Src/system_stm32f1xx.o
 .debug_aranges
                0x0000000000000318       0x28 ./Core/Src/utils.o
 .debug_aranges
                0x0000000000000340       0x28 ./Core/Startup/startup_stm32f103c8tx.o
 .debug_aranges
                0x0000000000000368       0xe0 ./Drivers/STM32F1xx_HAL_Driver/Src/stm32f1xx_hal.o
 .debug_aranges
                0x0000000000000448       0xf0 ./Drivers/STM32F1xx_HAL_Driver/Src/stm32f1xx_hal_adc.o
 .debug_aranges
                0x0000000000000538       0x80 ./Drivers/STM32F1xx_HAL_Driver/Src/stm32f1xx_hal_adc_ex.o
 .debug_aranges
                0x00000000000005b8      0x138 ./Drivers/STM32F1xx_HAL_Driver/Src/stm32f1xx_hal_can.o
 .debug_aranges
                0x00000000000006f0      0x100 ./Drivers/STM32F1xx_HAL_Driver/Src/stm32f1xx_hal_cortex.o
 .debug_aranges
                0x00000000000007f0       0x80 ./Drivers/STM32F1xx_HAL_Driver/Src/stm32f1xx_hal_dma.o
 .debug_aranges
                0x0000000000000870       0x58 ./Drivers/STM32F1xx_HAL_Driver/Src/stm32f1xx_hal_gpio.o
 .debug_aranges
                0x00000000000008c8       0x90 ./Drivers/STM32F1xx_HAL_Driver/Src/stm32f1xx_hal_rcc.o
 .debug_aranges
                0x0000000000000958       0x30 ./Drivers/STM32F1xx_HAL_Driver/Src/stm32f1xx_hal_rcc_ex.o
 .debug_aranges
                0x0000000000000988      0x3d0 ./Drivers/STM32F1xx_HAL_Driver/Src/stm32f1xx_hal_tim.o
 .debug_aranges
                0x0000000000000d58      0x168 ./Drivers/STM32F1xx_HAL_Driver/Src/stm32f1xx_hal_tim_ex.o
 .debug_aranges
                0x0000000000000ec0      0x208 ./Drivers/STM32F1xx_HAL_Driver/Src/stm32f1xx_hal_uart.o

.debug_ranges   0x0000000000000000      0xfa0
 .debug_ranges  0x0000000000000000       0xd8 ./Core/Src/Controller.o
 .debug_ranges  0x00000000000000d8       0x48 ./Core/Src/inputs.o
 .debug_ranges  0x0000000000000120       0x70 ./Core/Src/main.o
 .debug_ranges  0x0000000000000190       0x20 ./Core/Src/outputs.o
 .debug_ranges  0x00000000000001b0       0x58 ./Core/Src/stm32f1xx_hal_msp.o
 .debug_ranges  0x0000000000000208       0x68 ./Core/Src/stm32f1xx_it.o
 .debug_ranges  0x0000000000000270       0x10 ./Core/Src/sysmem.o
 .debug_ranges  0x0000000000000280       0x18 ./Core/Src/system_stm32f1xx.o
 .debug_ranges  0x0000000000000298       0x18 ./Core/Src/utils.o
 .debug_ranges  0x00000000000002b0       0x20 ./Core/Startup/startup_stm32f103c8tx.o
 .debug_ranges  0x00000000000002d0       0xd0 ./Drivers/STM32F1xx_HAL_Driver/Src/stm32f1xx_hal.o
 .debug_ranges  0x00000000000003a0       0xe0 ./Drivers/STM32F1xx_HAL_Driver/Src/stm32f1xx_hal_adc.o
 .debug_ranges  0x0000000000000480       0x70 ./Drivers/STM32F1xx_HAL_Driver/Src/stm32f1xx_hal_adc_ex.o
 .debug_ranges  0x00000000000004f0      0x128 ./Drivers/STM32F1xx_HAL_Driver/Src/stm32f1xx_hal_can.o
 .debug_ranges  0x0000000000000618       0xf0 ./Drivers/STM32F1xx_HAL_Driver/Src/stm32f1xx_hal_cortex.o
 .debug_ranges  0x0000000000000708       0x70 ./Drivers/STM32F1xx_HAL_Driver/Src/stm32f1xx_hal_dma.o
 .debug_ranges  0x0000000000000778       0x48 ./Drivers/STM32F1xx_HAL_Driver/Src/stm32f1xx_hal_gpio.o
 .debug_ranges  0x00000000000007c0       0x80 ./Drivers/STM32F1xx_HAL_Driver/Src/stm32f1xx_hal_rcc.o
 .debug_ranges  0x0000000000000840       0x20 ./Drivers/STM32F1xx_HAL_Driver/Src/stm32f1xx_hal_rcc_ex.o
 .debug_ranges  0x0000000000000860      0x3c0 ./Drivers/STM32F1xx_HAL_Driver/Src/stm32f1xx_hal_tim.o
 .debug_ranges  0x0000000000000c20      0x158 ./Drivers/STM32F1xx_HAL_Driver/Src/stm32f1xx_hal_tim_ex.o
 .debug_ranges  0x0000000000000d78      0x228 ./Drivers/STM32F1xx_HAL_Driver/Src/stm32f1xx_hal_uart.o

.debug_macro    0x0000000000000000    0x1ad1f
 .debug_macro   0x0000000000000000      0x400 ./Core/Src/Controller.o
 .debug_macro   0x0000000000000400      0xa9c ./Core/Src/Controller.o
 .debug_macro   0x0000000000000e9c       0x22 ./Core/Src/Controller.o
 .debug_macro   0x0000000000000ebe       0x4c ./Core/Src/Controller.o
 .debug_macro   0x0000000000000f0a       0x18 ./Core/Src/Controller.o
 .debug_macro   0x0000000000000f22       0x94 ./Core/Src/Controller.o
 .debug_macro   0x0000000000000fb6       0x3c ./Core/Src/Controller.o
 .debug_macro   0x0000000000000ff2       0x34 ./Core/Src/Controller.o
 .debug_macro   0x0000000000001026       0x16 ./Core/Src/Controller.o
 .debug_macro   0x000000000000103c       0x57 ./Core/Src/Controller.o
 .debug_macro   0x0000000000001093       0x97 ./Core/Src/Controller.o
 .debug_macro   0x000000000000112a      0x339 ./Core/Src/Controller.o
 .debug_macro   0x0000000000001463       0xfd ./Core/Src/Controller.o
 .debug_macro   0x0000000000001560       0x10 ./Core/Src/Controller.o
 .debug_macro   0x0000000000001570       0x16 ./Core/Src/Controller.o
 .debug_macro   0x0000000000001586       0x43 ./Core/Src/Controller.o
 .debug_macro   0x00000000000015c9       0x34 ./Core/Src/Controller.o
 .debug_macro   0x00000000000015fd       0x10 ./Core/Src/Controller.o
 .debug_macro   0x000000000000160d       0x58 ./Core/Src/Controller.o
 .debug_macro   0x0000000000001665       0x71 ./Core/Src/Controller.o
 .debug_macro   0x00000000000016d6       0x1c ./Core/Src/Controller.o
 .debug_macro   0x00000000000016f2      0x12a ./Core/Src/Controller.o
 .debug_macro   0x000000000000181c       0x10 ./Core/Src/Controller.o
 .debug_macro   0x000000000000182c       0x6a ./Core/Src/Controller.o