../Core/Src/app.c:14:6:InitApplication	8	static
../Core/Src/app.c:20:6:RunApplication	16	static
../Core/Src/app.c:97:6:IDLE_Entry	4	static
../Core/Src/app.c:101:6:IDLE_Exit	4	static
../Core/Src/app.c:104:6:IDLE_Event	4	static
../Core/Src/app.c:107:6:IDLE_Run	4	static
../Core/Src/app.c:117:6:PRESHIFT_Entry	4	static
../Core/Src/app.c:121:6:PRESHIFT_Exit	4	static
../Core/Src/app.c:124:6:PRESHIFT_Run	4	static
../Core/Src/app.c:127:6:PRESHIFT_Event	4	static
../Core/Src/app.c:132:6:SHIFTING_Entry	4	static
../Core/Src/app.c:136:6:SHIFTING_Exit	4	static
../Core/Src/app.c:139:6:SHIFTING_Run	4	static
../Core/Src/app.c:142:6:SHIFTING_Event	4	static
../Core/Src/app.c:147:6:POSTSHIFT_Entry	4	static
../Core/Src/app.c:151:6:POSTSHIFT_Exit	4	static
../Core/Src/app.c:154:6:POSTSHIFT_Run	4	static
../Core/Src/app.c:157:6:POSTSHIFT_Event	4	static
../Core/Src/app.c:162:6:ERROR_Entry	4	static
../Core/Src/app.c:166:6:ERROR_Exit	4	static
../Core/Src/app.c:169:6:ERROR_Run	4	static
../Core/Src/app.c:172:6:ERROR_Event	4	static
