../Core/Src/Controller.c:32:6:InitController	16	static
../Core/Src/Controller.c:42:6:Controller	16	static
../Core/Src/Controller.c:133:6:IDLE_Entry	4	static
../Core/Src/Controller.c:137:6:IDLE_Exit	4	static
../Core/Src/Controller.c:140:6:IDLE_Event	8	static
../Core/Src/Controller.c:169:6:IDLE_Run	4	static
../Core/Src/Controller.c:175:6:PRE_UPSHIFT_Entry	8	static
../Core/Src/Controller.c:181:6:PRE_UPSHIFT_Exit	4	static
../Core/Src/Controller.c:184:6:PRE_UPSHIFT_Event	16	static
../Core/Src/Controller.c:220:6:PRE_UPSHIFT_Run	4	static
../Core/Src/Controller.c:240:6:PRE_DNSHIFT_Entry	8	static
../Core/Src/Controller.c:246:6:PRE_DNSHIFT_Exit	4	static
../Core/Src/Controller.c:249:6:PRE_DNSHIFT_Event	16	static
../Core/Src/Controller.c:284:6:PRE_DNSHIFT_Run	4	static
../Core/Src/Controller.c:303:6:SHIFTING_Entry	8	static
../Core/Src/Controller.c:322:6:SHIFTING_Exit	4	static
../Core/Src/Controller.c:325:6:SHIFTING_Event	8	static
../Core/Src/Controller.c:342:6:SHIFTING_Run	4	static
../Core/Src/Controller.c:358:6:POSTSHIFT_Entry	4	static
../Core/Src/Controller.c:367:6:POSTSHIFT_Exit	4	static
../Core/Src/Controller.c:372:6:POSTSHIFT_Event	4	static
../Core/Src/Controller.c:377:6:POSTSHIFT_Run	4	static
../Core/Src/Controller.c:382:6:ERROR_Entry	4	static
../Core/Src/Controller.c:386:6:ERROR_Exit	4	static
../Core/Src/Controller.c:389:6:ERROR_Event	4	static
../Core/Src/Controller.c:399:6:ERROR_Run	4	static
