../Core/Src/Controller.c:32:6:InitController	16	static
../Core/Src/Controller.c:42:6:Controller	32	static
../Core/Src/Controller.c:144:6:IDLE_Entry	4	static
../Core/Src/Controller.c:148:6:IDLE_Exit	4	static
../Core/Src/Controller.c:151:6:IDLE_Event	8	static
../Core/Src/Controller.c:180:6:IDLE_Run	4	static
../Core/Src/Controller.c:186:6:PRE_UPSHIFT_Entry	8	static
../Core/Src/Controller.c:192:6:PRE_UPSHIFT_Exit	4	static
../Core/Src/Controller.c:195:6:PRE_UPSHIFT_Event	16	static
../Core/Src/Controller.c:231:6:PRE_UPSHIFT_Run	4	static
../Core/Src/Controller.c:251:6:PRE_DNSHIFT_Entry	8	static
../Core/Src/Controller.c:257:6:PRE_DNSHIFT_Exit	4	static
../Core/Src/Controller.c:260:6:PRE_DNSHIFT_Event	16	static
../Core/Src/Controller.c:295:6:PRE_DNSHIFT_Run	4	static
../Core/Src/Controller.c:314:6:SHIFTING_Entry	8	static
../Core/Src/Controller.c:349:6:SHIFTING_Exit	4	static
../Core/Src/Controller.c:352:6:SHIFTING_Event	8	static
../Core/Src/Controller.c:371:6:SHIFTING_Run	4	static
../Core/Src/Controller.c:387:6:POSTSHIFT_Entry	4	static
../Core/Src/Controller.c:400:6:POSTSHIFT_Exit	4	static
../Core/Src/Controller.c:405:6:POSTSHIFT_Event	8	static
../Core/Src/Controller.c:414:6:POSTSHIFT_Run	4	static
../Core/Src/Controller.c:419:6:ERROR_Entry	4	static
../Core/Src/Controller.c:427:6:ERROR_Exit	4	static
../Core/Src/Controller.c:430:6:ERROR_Event	8	static
../Core/Src/Controller.c:445:6:ERROR_Run	4	static
