Controller.c:31:6:InitController	24	static
Controller.c:103:6:Controller	32	static
Controller.c:358:6:IDLE_Entry	4	static
Controller.c:362:6:IDLE_Exit	4	static
Controller.c:365:6:IDLE_Event	8	static
Controller.c:386:6:IDLE_Run	4	static
Controller.c:392:6:PRE_UPSHIFT_Entry	8	static
Controller.c:400:6:PRE_UPSHIFT_Exit	4	static
Controller.c:403:6:PRE_UPSHIFT_Event	16	static
Controller.c:433:6:PRE_UPSHIFT_Run	4	static
Controller.c:458:6:PRE_DNSHIFT_Entry	8	static
Controller.c:466:6:PRE_DNSHIFT_Exit	4	static
Controller.c:469:6:PRE_DNSHIFT_Event	16	static
Controller.c:498:6:PRE_DNSHIFT_Run	4	static
Controller.c:521:6:SHIFTING_Entry	8	static
Controller.c:556:6:SHIFTING_Exit	4	static
Controller.c:559:6:SHIFTING_Event	8	static
Controller.c:573:6:SHIFTING_Run	4	static
Controller.c:587:6:POSTSHIFT_Entry	4	static
Controller.c:600:6:POSTSHIFT_Exit	4	static
Controller.c:606:6:POSTSHIFT_Event	16	static
Controller.c:624:6:POSTSHIFT_Run	4	static
Controller.c:634:6:ERROR_Entry	4	static
Controller.c:650:6:ERROR_Exit	4	static
Controller.c:653:6:ERROR_Event	4	static
Controller.c:664:6:ERROR_Run	4	static
