../Core/Src/Controller.c:39:6:InitController	24	static
../Core/Src/Controller.c:105:6:Controller	40	static
../Core/Src/Controller.c:433:6:IDLE_Entry	4	static
../Core/Src/Controller.c:437:6:IDLE_Exit	4	static
../Core/Src/Controller.c:440:6:IDLE_Event	8	static
../Core/Src/Controller.c:461:6:IDLE_Run	4	static
../Core/Src/Controller.c:467:6:PRE_UPSHIFT_Entry	8	static
../Core/Src/Controller.c:475:6:PRE_UPSHIFT_Exit	4	static
../Core/Src/Controller.c:478:6:PRE_UPSHIFT_Event	16	static
../Core/Src/Controller.c:508:6:PRE_UPSHIFT_Run	4	static
../Core/Src/Controller.c:533:6:PRE_DNSHIFT_Entry	8	static
../Core/Src/Controller.c:541:6:PRE_DNSHIFT_Exit	4	static
../Core/Src/Controller.c:544:6:PRE_DNSHIFT_Event	16	static
../Core/Src/Controller.c:573:6:PRE_DNSHIFT_Run	4	static
../Core/Src/Controller.c:596:6:SHIFTING_Entry	8	static
../Core/Src/Controller.c:641:6:SHIFTING_Exit	4	static
../Core/Src/Controller.c:644:6:SHIFTING_Event	8	static
../Core/Src/Controller.c:681:6:SHIFTING_Run	4	static
../Core/Src/Controller.c:691:6:POSTSHIFT_Entry	4	static
../Core/Src/Controller.c:707:6:POSTSHIFT_Exit	4	static
../Core/Src/Controller.c:713:6:POSTSHIFT_Event	16	static
../Core/Src/Controller.c:731:6:POSTSHIFT_Run	4	static
../Core/Src/Controller.c:741:6:ERROR_Entry	4	static
../Core/Src/Controller.c:760:6:ERROR_Exit	4	static
../Core/Src/Controller.c:763:6:ERROR_Event	8	static
../Core/Src/Controller.c:777:6:ERROR_Run	4	static
