Controller.c:39:6:InitController	24	static
Controller.c:105:6:Controller	40	static
Controller.c:442:6:IDLE_Entry	4	static
Controller.c:446:6:IDLE_Exit	4	static
Controller.c:449:6:IDLE_Event	8	static
Controller.c:470:6:IDLE_Run	4	static
Controller.c:475:6:PRE_UPSHIFT_Entry	8	static
Controller.c:483:6:PRE_UPSHIFT_Exit	4	static
Controller.c:486:6:PRE_UPSHIFT_Event	16	static
Controller.c:516:6:PRE_UPSHIFT_Run	4	static
Controller.c:541:6:PRE_DNSHIFT_Entry	8	static
Controller.c:549:6:PRE_DNSHIFT_Exit	4	static
Controller.c:552:6:PRE_DNSHIFT_Event	16	static
Controller.c:581:6:PRE_DNSHIFT_Run	4	static
Controller.c:604:6:SHIFTING_Entry	8	static
Controller.c:649:6:SHIFTING_Exit	4	static
Controller.c:652:6:SHIFTING_Event	8	static
Controller.c:689:6:SHIFTING_Run	4	static
Controller.c:699:6:POSTSHIFT_Entry	4	static
Controller.c:715:6:POSTSHIFT_Exit	4	static
Controller.c:721:6:POSTSHIFT_Event	16	static
Controller.c:739:6:POSTSHIFT_Run	4	static
Controller.c:749:6:ERROR_Entry	4	static
Controller.c:768:6:ERROR_Exit	4	static
Controller.c:771:6:ERROR_Event	8	static
Controller.c:785:6:ERROR_Run	4	static
