../Core/Src/Controller.c:32:6:InitApplication	16	static
../Core/Src/Controller.c:42:6:RunApplication	16	static
../Core/Src/Controller.c:90:6:IDLE_Entry	4	static
../Core/Src/Controller.c:94:6:IDLE_Exit	4	static
../Core/Src/Controller.c:97:6:IDLE_Event	8	static
../Core/Src/Controller.c:125:6:IDLE_Run	4	static
../Core/Src/Controller.c:133:6:PRE_UPSHIFT_Entry	8	static
../Core/Src/Controller.c:139:6:PRE_UPSHIFT_Exit	4	static
../Core/Src/Controller.c:142:6:PRE_UPSHIFT_Event	16	static
../Core/Src/Controller.c:166:6:PRE_UPSHIFT_Run	4	static
../Core/Src/Controller.c:186:6:PRE_DNSHIFT_Entry	8	static
../Core/Src/Controller.c:192:6:PRE_DNSHIFT_Exit	4	static
../Core/Src/Controller.c:195:6:PRE_DNSHIFT_Event	4	static
../Core/Src/Controller.c:198:6:PRE_DNSHIFT_Run	4	static
../Core/Src/Controller.c:203:6:SHIFTING_Entry	4	static
../Core/Src/Controller.c:207:6:SHIFTING_Exit	4	static
../Core/Src/Controller.c:210:6:SHIFTING_Event	4	static
../Core/Src/Controller.c:213:6:SHIFTING_Run	4	static
../Core/Src/Controller.c:220:6:POSTSHIFT_Entry	4	static
../Core/Src/Controller.c:229:6:POSTSHIFT_Exit	4	static
../Core/Src/Controller.c:232:6:POSTSHIFT_Event	4	static
../Core/Src/Controller.c:235:6:POSTSHIFT_Run	4	static
../Core/Src/Controller.c:240:6:ERROR_Entry	4	static
../Core/Src/Controller.c:244:6:ERROR_Exit	4	static
../Core/Src/Controller.c:247:6:ERROR_Event	4	static
../Core/Src/Controller.c:255:6:ERROR_Run	4	static
