../Core/Src/Controller.c:32:6:InitController	16	static
../Core/Src/Controller.c:45:6:Controller	32	static
../Core/Src/Controller.c:159:6:IDLE_Entry	4	static
../Core/Src/Controller.c:163:6:IDLE_Exit	4	static
../Core/Src/Controller.c:166:6:IDLE_Event	8	static
../Core/Src/Controller.c:195:6:IDLE_Run	4	static
../Core/Src/Controller.c:200:6:PRE_UPSHIFT_Entry	8	static
../Core/Src/Controller.c:206:6:PRE_UPSHIFT_Exit	4	static
../Core/Src/Controller.c:209:6:PRE_UPSHIFT_Event	16	static
../Core/Src/Controller.c:245:6:PRE_UPSHIFT_Run	4	static
../Core/Src/Controller.c:265:6:PRE_DNSHIFT_Entry	8	static
../Core/Src/Controller.c:271:6:PRE_DNSHIFT_Exit	4	static
../Core/Src/Controller.c:274:6:PRE_DNSHIFT_Event	16	static
../Core/Src/Controller.c:309:6:PRE_DNSHIFT_Run	4	static
../Core/Src/Controller.c:328:6:SHIFTING_Entry	8	static
../Core/Src/Controller.c:363:6:SHIFTING_Exit	4	static
../Core/Src/Controller.c:366:6:SHIFTING_Event	8	static
../Core/Src/Controller.c:385:6:SHIFTING_Run	4	static
../Core/Src/Controller.c:399:6:POSTSHIFT_Entry	4	static
../Core/Src/Controller.c:412:6:POSTSHIFT_Exit	4	static
../Core/Src/Controller.c:417:6:POSTSHIFT_Event	16	static
../Core/Src/Controller.c:442:6:POSTSHIFT_Run	4	static
../Core/Src/Controller.c:452:6:ERROR_Entry	4	static
../Core/Src/Controller.c:469:6:ERROR_Exit	4	static
../Core/Src/Controller.c:472:6:ERROR_Event	8	static
../Core/Src/Controller.c:489:6:ERROR_Run	4	static
