Controller.c:39:6:InitController	24	static
Controller.c:111:6:Controller	40	static
Controller.c:437:6:IDLE_Entry	4	static
Controller.c:441:6:IDLE_Exit	4	static
Controller.c:444:6:IDLE_Event	8	static
Controller.c:465:6:IDLE_Run	4	static
Controller.c:471:6:PRE_UPSHIFT_Entry	8	static
Controller.c:479:6:PRE_UPSHIFT_Exit	4	static
Controller.c:482:6:PRE_UPSHIFT_Event	16	static
Controller.c:512:6:PRE_UPSHIFT_Run	4	static
Controller.c:537:6:PRE_DNSHIFT_Entry	8	static
Controller.c:545:6:PRE_DNSHIFT_Exit	4	static
Controller.c:548:6:PRE_DNSHIFT_Event	16	static
Controller.c:577:6:PRE_DNSHIFT_Run	4	static
Controller.c:600:6:SHIFTING_Entry	8	static
Controller.c:645:6:SHIFTING_Exit	4	static
Controller.c:648:6:SHIFTING_Event	8	static
Controller.c:685:6:SHIFTING_Run	4	static
Controller.c:695:6:POSTSHIFT_Entry	4	static
Controller.c:711:6:POSTSHIFT_Exit	4	static
Controller.c:717:6:POSTSHIFT_Event	16	static
Controller.c:735:6:POSTSHIFT_Run	4	static
Controller.c:745:6:ERROR_Entry	4	static
Controller.c:764:6:ERROR_Exit	4	static
Controller.c:767:6:ERROR_Event	8	static
Controller.c:781:6:ERROR_Run	4	static
