../Core/Src/Inputs.c:45:6:ReadInputs	24	static
../Core/Src/Inputs.c:366:6:InitInputs	8	static
../Core/Src/Inputs.c:371:9:CheckFaults	16	static
../Core/Src/Inputs.c:376:6:CAN_RX	56	static
../Core/Src/Inputs.c:421:9:calculateActualNGear	24	static
../Core/Src/Inputs.c:433:10:MyHalfBufferAverage	32	static
../Core/Src/Inputs.c:448:6:HAL_CAN_RxFifo0MsgPendingCallback	16	static
../Core/Src/Inputs.c:452:6:HAL_CAN_RxFifo1MsgPendingCallback	16	static
../Core/Src/Inputs.c:456:6:HAL_CAN_ErrorCallback	16	static
../Core/Src/Inputs.c:460:6:HAL_ADC_ConvHalfCpltCallback	16	static
