../Core/Src/Inputs.c:45:6:ReadInputs	24	static
../Core/Src/Inputs.c:352:6:InitInputs	8	static
../Core/Src/Inputs.c:362:9:CheckFaults	16	static
../Core/Src/Inputs.c:367:6:CAN_RX	56	static
../Core/Src/Inputs.c:409:9:calculateActualNGear	24	static
../Core/Src/Inputs.c:421:10:MyHalfBufferAverage	32	static
../Core/Src/Inputs.c:436:6:HAL_CAN_RxFifo0MsgPendingCallback	16	static
../Core/Src/Inputs.c:440:6:HAL_CAN_RxFifo1MsgPendingCallback	16	static
../Core/Src/Inputs.c:444:6:HAL_CAN_ErrorCallback	16	static
../Core/Src/Inputs.c:448:6:HAL_ADC_ConvHalfCpltCallback	16	static
